Component: ARM Compiler 5.06 update 1 (build 61) Tool: armlink [4d35a8]

==============================================================================

Section Cross References

    led.o(.text) refers to stm32f10x_rcc.o(.text) for RCC_APB2PeriphClockCmd
    led.o(.text) refers to stm32f10x_gpio.o(.text) for GPIO_PinRemapConfig
    led.o(.text) refers to stm32f10x_iwdg.o(.text) for IWDG_WriteAccessCmd
    main.o(.text) refers to __2printf.o(.text) for __2printf
    main.o(.text) refers to newriser.o(.text) for SetPinDelay
    main.o(.text) refers to stm32f10x_gpio.o(.text) for GPIO_ResetBits
    main.o(.text) refers to strcmpv7m.o(.text) for strcmp
    main.o(.text) refers to newriser2.o(.text) for testj7a_j1a
    main.o(.text) refers to dataj7.o(.text) for TESTPEER
    main.o(.text) refers to usart.o(.data) for USART_RX_STA
    main.o(.text) refers to usart.o(.bss) for USART_RX_BUF
    main.o(.text) refers to key.o(.bss) for Key1
    main.o(.text) refers to taskpoint.o(.data) for g_sem_put_ok
    main.o(.text) refers to main.o(.data) for test_point2
    main.o(.text) refers to newriser.o(.data) for f_putLong
    main.o(.text) refers to newriser2.o(.data) for J7A_gnd
    main.o(.text) refers to dataj7.o(.data) for J7AGND
    main.o(.text) refers to dataj6.o(.data) for J6AGND
    main.o(.text) refers to stm32f10x_rcc.o(.text) for RCC_APB1PeriphClockCmd
    main.o(.text) refers to stm32f10x_tim.o(.text) for TIM_TimeBaseInit
    main.o(.text) refers to misc.o(.text) for NVIC_SetVectorTable
    main.o(.text) refers to stm32f10x_flash.o(.text) for FLASH_PrefetchBufferCmd
    main.o(.text) refers to usart.o(.text) for uart_init
    main.o(.text) refers to led.o(.text) for LED_Init
    main.o(.text) refers to adc.o(.text) for Adc_Init
    main.o(.text) refers to key.o(.text) for InitKey
    main.o(.text) refers to taskpoint.o(.text) for InitTaskStr
    main.o(.text) refers to delaypoint.o(.text) for ServeDelay
    main.o(.text) refers to delaypoint.o(.bss) for F_DelayStr_Exam3
    main.o(.text) refers to delaypoint.o(.data) for G_TimerCnt_DelayServe_10MS
    main.o(.text) refers to key.o(.data) for G_TimerCnt_KeyServe_10MS
    usart.o(.text) refers (Special) to use_no_semi_2.o(.text) for __use_no_semihosting
    usart.o(.text) refers to stm32f10x_usart.o(.text) for USART_SendData
    usart.o(.text) refers to stm32f10x_rcc.o(.text) for RCC_APB2PeriphClockCmd
    usart.o(.text) refers to stm32f10x_gpio.o(.text) for GPIO_Init
    usart.o(.text) refers to misc.o(.text) for NVIC_Init
    usart.o(.text) refers to usart.o(.data) for count
    usart.o(.text) refers to usart.o(.bss) for USART_RX_BUF
    usart.o(.bss) refers (Special) to use_no_semi_2.o(.text) for __use_no_semihosting
    usart.o(.data) refers (Special) to use_no_semi_2.o(.text) for __use_no_semihosting
    newriser.o(.text) refers to _printf_pad.o(.text) for _printf_pre_padding
    newriser.o(.text) refers to _printf_percent.o(.ARM.Collect$$_printf_percent$$00000000) for _printf_percent
    newriser.o(.text) refers to _printf_d.o(.ARM.Collect$$_printf_percent$$00000009) for _printf_d
    newriser.o(.text) refers to _printf_dec.o(.text) for _printf_int_dec
    newriser.o(.text) refers to stm32f10x_gpio.o(.text) for GPIO_ResetBits
    newriser.o(.text) refers to adc.o(.text) for Get_Adc_Average
    newriser.o(.text) refers to __2sprintf.o(.text) for __2sprintf
    newriser.o(.text) refers to c89printf.o(.text) for __c89printf
    newriser.o(.text) refers to __2printf.o(.text) for __2printf
    newriser.o(.text) refers to newriser.o(.bss) for Vo
    newriser.o(.text) refers to newriser2.o(.text) for SetPinReverse
    newriser.o(.text) refers to newriser2.o(.data) for J7A_gnd
    adc.o(.text) refers to stm32f10x_rcc.o(.text) for RCC_APB2PeriphClockCmd
    adc.o(.text) refers to stm32f10x_gpio.o(.text) for GPIO_Init
    adc.o(.text) refers to stm32f10x_adc.o(.text) for ADC_DeInit
    adc.o(.text) refers to newriser.o(.text) for delay_ms
    dataj7.o(.text) refers to _printf_pad.o(.text) for _printf_pre_padding
    dataj7.o(.text) refers to _printf_percent.o(.ARM.Collect$$_printf_percent$$00000000) for _printf_percent
    dataj7.o(.text) refers to _printf_d.o(.ARM.Collect$$_printf_percent$$00000009) for _printf_d
    dataj7.o(.text) refers to _printf_s.o(.ARM.Collect$$_printf_percent$$00000014) for _printf_s
    dataj7.o(.text) refers to _printf_dec.o(.text) for _printf_int_dec
    dataj7.o(.text) refers to _printf_str.o(.text) for _printf_str
    dataj7.o(.text) refers to newriser.o(.text) for SetPin
    dataj7.o(.text) refers to __2sprintf.o(.text) for __2sprintf
    dataj7.o(.text) refers to c89printf.o(.text) for __c89printf
    dataj7.o(.text) refers to newriser.o(.bss) for Table_2
    dataj7.o(.text) refers to dataj7.o(.data) for J7AGND
    dataj7.o(.text) refers to dataj6.o(.data) for J6AGND
    newriser2.o(.text) refers to _printf_pad.o(.text) for _printf_pre_padding
[...]
    _signal_init                              - Undefined Weak Reference
    _terminate_alloc                          - Undefined Weak Reference
    _terminate_user_alloc                     - Undefined Weak Reference
    _terminateio                              - Undefined Weak Reference
    __Vectors_Size                           0x00000130   Number         0  startup_stm32f10x_hd.o ABSOLUTE
    __Vectors                                0x08000000   Data           4  startup_stm32f10x_hd.o(RESET)
    __Vectors_End                            0x08000130   Data           0  startup_stm32f10x_hd.o(RESET)
    __main                                   0x08000131   Thumb Code     8  __main.o(!!!main)
    __scatterload                            0x08000139   Thumb Code     0  __scatter.o(!!!scatter)
    __scatterload_rt2                        0x08000139   Thumb Code    44  __scatter.o(!!!scatter)
    __scatterload_rt2_thumb_only             0x08000139   Thumb Code     0  __scatter.o(!!!scatter)
    __scatterload_null                       0x08000147   Thumb Code     0  __scatter.o(!!!scatter)
    __decompress                             0x0800016d   Thumb Code   100  __dclz77c.o(!!dclz77c)
    __decompress2                            0x0800016d   Thumb Code     0  __dclz77c.o(!!dclz77c)
    __scatterload_zeroinit                   0x080001d1   Thumb Code    28  __scatter_zi.o(!!handler_zi)
    _printf_n                                0x080001ed   Thumb Code     0  _printf_n.o(.ARM.Collect$$_printf_percent$$00000001)
    _printf_percent                          0x080001ed   Thumb Code     0  _printf_percent.o(.ARM.Collect$$_printf_percent$$00000000)
    _printf_p                                0x080001f3   Thumb Code     0  _printf_p.o(.ARM.Collect$$_printf_percent$$00000002)
    _printf_f                                0x080001f9   Thumb Code     0  _printf_f.o(.ARM.Collect$$_printf_percent$$00000003)
    _printf_e                                0x080001ff   Thumb Code     0  _printf_e.o(.ARM.Collect$$_printf_percent$$00000004)
    _printf_g                                0x08000205   Thumb Code     0  _printf_g.o(.ARM.Collect$$_printf_percent$$00000005)
    _printf_a                                0x0800020b   Thumb Code     0  _printf_a.o(.ARM.Collect$$_printf_percent$$00000006)
    _printf_ll                               0x08000211   Thumb Code     0  _printf_ll.o(.ARM.Collect$$_printf_percent$$00000007)
    _printf_i                                0x0800021b   Thumb Code     0  _printf_i.o(.ARM.Collect$$_printf_percent$$00000008)
    _printf_d                                0x08000221   Thumb Code     0  _printf_d.o(.ARM.Collect$$_printf_percent$$00000009)
    _printf_u                                0x08000227   Thumb Code     0  _printf_u.o(.ARM.Collect$$_printf_percent$$0000000A)
    _printf_o                                0x0800022d   Thumb Code     0  _printf_o.o(.ARM.Collect$$_printf_percent$$0000000B)
    _printf_x                                0x08000233   Thumb Code     0  _printf_x.o(.ARM.Collect$$_printf_percent$$0000000C)
    _printf_lli                              0x08000239   Thumb Code     0  _printf_lli.o(.ARM.Collect$$_printf_percent$$0000000D)
    _printf_lld                              0x0800023f   Thumb Code     0  _printf_lld.o(.ARM.Collect$$_printf_percent$$0000000E)
    _printf_llu                              0x08000245   Thumb Code     0  _printf_llu.o(.ARM.Collect$$_printf_percent$$0000000F)
    _printf_llo                              0x0800024b   Thumb Code     0  _printf_llo.o(.ARM.Collect$$_printf_percent$$00000010)
    _printf_llx                              0x08000251   Thumb Code     0  _printf_llx.o(.ARM.Collect$$_printf_percent$$00000011)
    _printf_l                                0x08000257   Thumb Code     0  _printf_l.o(.ARM.Collect$$_printf_percent$$00000012)
    _printf_c                                0x08000261   Thumb Code     0  _printf_c.o(.ARM.Collect$$_printf_percent$$00000013)
    _printf_s                                0x08000267   Thumb Code     0  _printf_s.o(.ARM.Collect$$_printf_percent$$00000014)
    _printf_lc                               0x0800026d   Thumb Code     0  _printf_lc.o(.ARM.Collect$$_printf_percent$$00000015)
    _printf_ls                               0x08000273   Thumb Code     0  _printf_ls.o(.ARM.Collect$$_printf_percent$$00000016)
    _printf_percent_end                      0x08000279   Thumb Code     0  _printf_percent_end.o(.ARM.Collect$$_printf_percent$$00000017)
    __rt_lib_init                            0x0800027d   Thumb Code     0  libinit.o(.ARM.Collect$$libinit$$00000000)
    __rt_lib_init_fp_1                       0x0800027f   Thumb Code     0  libinit2.o(.ARM.Collect$$libinit$$00000002)
    __rt_lib_init_heap_1                     0x0800027f   Thumb Code     0  libinit2.o(.ARM.Collect$$libinit$$0000000A)
    __rt_lib_init_lc_common                  0x0800027f   Thumb Code     0  libinit2.o(.ARM.Collect$$libinit$$0000000F)
    __rt_lib_init_preinit_1                  0x0800027f   Thumb Code     0  libinit2.o(.ARM.Collect$$libinit$$00000004)
    __rt_lib_init_rand_1                     0x0800027f   Thumb Code     0  libinit2.o(.ARM.Collect$$libinit$$0000000E)
    __rt_lib_init_user_alloc_1               0x0800027f   Thumb Code     0  libinit2.o(.ARM.Collect$$libinit$$0000000C)
    __rt_lib_init_lc_collate_1               0x08000285   Thumb Code     0  libinit2.o(.ARM.Collect$$libinit$$00000011)
    __rt_lib_init_lc_ctype_2                 0x08000285   Thumb Code     0  libinit2.o(.ARM.Collect$$libinit$$00000012)
    __rt_lib_init_lc_ctype_1                 0x08000291   Thumb Code     0  libinit2.o(.ARM.Collect$$libinit$$00000013)
    __rt_lib_init_lc_monetary_1              0x08000291   Thumb Code     0  libinit2.o(.ARM.Collect$$libinit$$00000015)
    __rt_lib_init_lc_numeric_2               0x08000291   Thumb Code     0  libinit2.o(.ARM.Collect$$libinit$$00000016)
    __rt_lib_init_alloca_1                   0x0800029b   Thumb Code     0  libinit2.o(.ARM.Collect$$libinit$$0000002E)
    __rt_lib_init_argv_1                     0x0800029b   Thumb Code     0  libinit2.o(.ARM.Collect$$libinit$$0000002C)
    __rt_lib_init_atexit_1                   0x0800029b   Thumb Code     0  libinit2.o(.ARM.Collect$$libinit$$0000001B)
    __rt_lib_init_clock_1                    0x0800029b   Thumb Code     0  libinit2.o(.ARM.Collect$$libinit$$00000021)
    __rt_lib_init_cpp_1                      0x0800029b   Thumb Code     0  libinit2.o(.ARM.Collect$$libinit$$00000032)
    __rt_lib_init_exceptions_1               0x0800029b   Thumb Code     0  libinit2.o(.ARM.Collect$$libinit$$00000030)
    __rt_lib_init_fp_trap_1                  0x0800029b   Thumb Code     0  libinit2.o(.ARM.Collect$$libinit$$0000001F)
    __rt_lib_init_getenv_1                   0x0800029b   Thumb Code     0  libinit2.o(.ARM.Collect$$libinit$$00000023)
    __rt_lib_init_lc_numeric_1               0x0800029b   Thumb Code     0  libinit2.o(.ARM.Collect$$libinit$$00000017)
    __rt_lib_init_lc_time_1                  0x0800029b   Thumb Code     0  libinit2.o(.ARM.Collect$$libinit$$00000019)
    __rt_lib_init_return                     0x0800029b   Thumb Code     0  libinit2.o(.ARM.Collect$$libinit$$00000033)
    __rt_lib_init_signal_1                   0x0800029b   Thumb Code     0  libinit2.o(.ARM.Collect$$libinit$$0000001D)
    __rt_lib_init_stdio_1                    0x0800029b   Thumb Code     0  libinit2.o(.ARM.Collect$$libinit$$00000025)
    __rt_lib_shutdown                        0x0800029d   Thumb Code     0  libshutdown.o(.ARM.Collect$$libshutdown$$00000000)
    __rt_lib_shutdown_cpp_1                  0x0800029f   Thumb Code     0  libshutdown2.o(.ARM.Collect$$libshutdown$$00000002)
    __rt_lib_shutdown_fp_trap_1              0x0800029f   Thumb Code     0  libshutdown2.o(.ARM.Collect$$libshutdown$$00000007)
    __rt_lib_shutdown_heap_1                 0x0800029f   Thumb Code     0  libshutdown2.o(.ARM.Collect$$libshutdown$$0000000F)
    __rt_lib_shutdown_return                 0x0800029f   Thumb Code     0  libshutdown2.o(.ARM.Collect$$libshutdown$$00000010)
    __rt_lib_shutdown_signal_1               0x0800029f   Thumb Code     0  libshutdown2.o(.ARM.Collect$$libshutdown$$0000000A)
    __rt_lib_shutdown_stdio_1                0x0800029f   Thumb Code     0  libshutdown2.o(.ARM.Collect$$libshutdown$$00000004)
    __rt_lib_shutdown_user_alloc_1           0x0800029f   Thumb Code     0  libshutdown2.o(.ARM.Collect$$libshutdown$$0000000C)
    __rt_entry                               0x080002a1   Thumb Code     0  __rtentry.o(.ARM.Collect$$rtentry$$00000000)
    __rt_entry_presh_1                       0x080002a1   Thumb Code     0  __rtentry2.o(.ARM.Collect$$rtentry$$00000002)
    __rt_entry_sh                            0x080002a1   Thumb Code     0  __rtentry4.o(.ARM.Collect$$rtentry$$00000004)
    __rt_entry_li                            0x080002a7   Thumb Code     0  __rtentry2.o(.ARM.Collect$$rtentry$$0000000A)
    __rt_entry_postsh_1                      0x080002a7   Thumb Code     0  __rtentry2.o(.ARM.Collect$$rtentry$$00000009)
    __rt_entry_main                          0x080002ab   Thumb Code     0  __rtentry2.o(.ARM.Collect$$rtentry$$0000000D)
    __rt_entry_postli_1                      0x080002ab   Thumb Code     0  __rtentry2.o(.ARM.Collect$$rtentry$$0000000C)
    __rt_exit                                0x080002b3   Thumb Code     0  rtexit.o(.ARM.Collect$$rtexit$$00000000)
    __rt_exit_ls                             0x080002b5   Thumb Code     0  rtexit2.o(.ARM.Collect$$rtexit$$00000003)
    __rt_exit_prels_1                        0x080002b5   Thumb Code     0  rtexit2.o(.ARM.Collect$$rtexit$$00000002)
    __rt_exit_exit                           0x080002b9   Thumb Code     0  rtexit2.o(.ARM.Collect$$rtexit$$00000004)
    NMI_Handler                              0x080002bf   Thumb Code     2  stm32f10x_it.o(.text)
    HardFault_Handler                        0x080002c1   Thumb Code     4  stm32f10x_it.o(.text)
    MemManage_Handler                        0x080002c5   Thumb Code     4  stm32f10x_it.o(.text)
    BusFault_Handler                         0x080002c9   Thumb Code     4  stm32f10x_it.o(.text)
    UsageFault_Handler                       0x080002cd   Thumb Code     4  stm32f10x_it.o(.text)
    SVC_Handler                              0x080002d1   Thumb Code     2  stm32f10x_it.o(.text)
    DebugMon_Handler                         0x080002d3   Thumb Code     2  stm32f10x_it.o(.text)
    PendSV_Handler                           0x080002d5   Thumb Code     2  stm32f10x_it.o(.text)
    SysTick_Handler                          0x080002d7   Thumb Code     2  stm32f10x_it.o(.text)
    LED_Init                                 0x080002d9   Thumb Code   400  led.o(.text)
    IWDG_Init                                0x08000469   Thumb Code    36  led.o(.text)
    IWDG_Feed                                0x0800048d   Thumb Code     8  led.o(.text)
    usart                                    0x080004b5   Thumb Code  1328  main.o(.text)
    AnalyzeCommand                           0x080009e5   Thumb Code     2  main.o(.text)
    Timer2_Init_Config                       0x080009e7   Thumb Code    64  main.o(.text)
    NVIC_Configuration                       0x08000a27   Thumb Code    50  main.o(.text)
    RCC_Configuration                        0x08000a59   Thumb Code   122  main.o(.text)
    System_Initialization                    0x08000ad3   Thumb Code    16  main.o(.text)
    main                                     0x08000ae3   Thumb Code   106  main.o(.text)
    TIM2_IRQHandler                          0x08000b4d   Thumb Code    54  main.o(.text)
    Delay                                    0x08000b83   Thumb Code    18  main.o(.text)
    _sys_exit                                0x08000bf5   Thumb Code     4  usart.o(.text)
    fputc                                    0x08000bf9   Thumb Code    32  usart.o(.text)
    uart_init                                0x08000c19   Thumb Code   164  usart.o(.text)
    USART1_IRQHandler                        0x08000cbd   Thumb Code   106  usart.o(.text)
    strcmpSelf                               0x08000d27   Thumb Code     4  usart.o(.text)
    delay_ms                                 0x08000d45   Thumb Code    26  newriser.o(.text)
    selectChannal                            0x08000d5f   Thumb Code   418  newriser.o(.text)
    selectYCs                                0x08000f01   Thumb Code   730  newriser.o(.text)
    selectXCs                                0x080011db   Thumb Code   710  newriser.o(.text)
    SetPinDelay                              0x080014a1   Thumb Code   148  newriser.o(.text)
    SetPin                                   0x08001535   Thumb Code   190  newriser.o(.text)
    SetPinReverse111                         0x080015f3   Thumb Code     6  newriser.o(.text)
    testGNDPoint                             0x080015f9   Thumb Code    64  newriser.o(.text)
    judeWhinY                                0x08001639   Thumb Code    28  newriser.o(.text)
    scanSignalLine                           0x08001655   Thumb Code    74  newriser.o(.text)
    scanSignalLineByPoint                    0x0800169f   Thumb Code    12  newriser.o(.text)
    scanEveryPoint                           0x080016ab   Thumb Code    60  newriser.o(.text)
    scanEveryPointByReverse111111111111      0x080016e7   Thumb Code    60  newriser.o(.text)
    findGND                                  0x08001723   Thumb Code    58  newriser.o(.text)
    XfindGND                                 0x0800175d   Thumb Code    40  newriser.o(.text)
    scanEveryPointBySelect                   0x08001785   Thumb Code    54  newriser.o(.text)
    printfSignal                             0x080017bb   Thumb Code    60  newriser.o(.text)
    test4051                                 0x080017f7   Thumb Code    14  newriser.o(.text)
    test4051reverse                          0x08001805   Thumb Code    14  newriser.o(.text)
    test4051_closeY                          0x08001813   Thumb Code    30  newriser.o(.text)
    run                                      0x08001831   Thumb Code    14  newriser.o(.text)
    main1                                    0x0800183f   Thumb Code     8  newriser.o(.text)
    Adc_Init                                 0x08001895   Thumb Code   132  adc.o(.text)
    Get_Adc                                  0x08001919   Thumb Code    46  adc.o(.text)
    Get_Adc_Average                          0x08001947   Thumb Code    46  adc.o(.text)
    TESTPEER                                 0x0800197d   Thumb Code   488  dataj7.o(.text)
    runTest                                  0x08001b65   Thumb Code    52  dataj7.o(.text)
    SetPinReverse                            0x08001c31   Thumb Code   314  newriser2.o(.text)
    SetPinReverseJ7B                         0x08001d6b   Thumb Code   314  newriser2.o(.text)
    SetPinReverseJ6A                         0x08001ea5   Thumb Code   234  newriser2.o(.text)
    SetPinReverseJ6B                         0x08001f8f   Thumb Code   234  newriser2.o(.text)
    testj7a_j1a                              0x08002079   Thumb Code   436  newriser2.o(.text)
    testj7B_j1B                              0x0800222d   Thumb Code   240  newriser2.o(.text)
    testj6A_U1A                              0x0800231d   Thumb Code   116  newriser2.o(.text)
    NVIC_PriorityGroupConfig                 0x08002521   Thumb Code    10  misc.o(.text)
    NVIC_Init                                0x0800252b   Thumb Code   100  misc.o(.text)
    NVIC_SetVectorTable                      0x0800258f   Thumb Code    14  misc.o(.text)
    NVIC_SystemLPConfig                      0x0800259d   Thumb Code    34  misc.o(.text)
    SysTick_CLKSourceConfig                  0x080025bf   Thumb Code    40  misc.o(.text)
    ADC_DeInit                               0x080025fd   Thumb Code    78  stm32f10x_adc.o(.text)
    ADC_Init                                 0x0800264b   Thumb Code    70  stm32f10x_adc.o(.text)
    ADC_StructInit                           0x08002691   Thumb Code    18  stm32f10x_adc.o(.text)
    ADC_Cmd                                  0x080026a3   Thumb Code    22  stm32f10x_adc.o(.text)
    ADC_DMACmd                               0x080026b9   Thumb Code    22  stm32f10x_adc.o(.text)
    ADC_ITConfig                             0x080026cf   Thumb Code    24  stm32f10x_adc.o(.text)
    ADC_ResetCalibration                     0x080026e7   Thumb Code    10  stm32f10x_adc.o(.text)
    ADC_GetResetCalibrationStatus            0x080026f1   Thumb Code    20  stm32f10x_adc.o(.text)
    ADC_StartCalibration                     0x08002705   Thumb Code    10  stm32f10x_adc.o(.text)
    ADC_GetCalibrationStatus                 0x0800270f   Thumb Code    20  stm32f10x_adc.o(.text)
    ADC_SoftwareStartConvCmd                 0x08002723   Thumb Code    22  stm32f10x_adc.o(.text)
    ADC_GetSoftwareStartConvStatus           0x08002739   Thumb Code    20  stm32f10x_adc.o(.text)
    ADC_DiscModeChannelCountConfig           0x0800274d   Thumb Code    24  stm32f10x_adc.o(.text)
    ADC_DiscModeCmd                          0x08002765   Thumb Code    22  stm32f10x_adc.o(.text)
    ADC_RegularChannelConfig                 0x0800277b   Thumb Code   184  stm32f10x_adc.o(.text)
    ADC_ExternalTrigConvCmd                  0x08002833   Thumb Code    22  stm32f10x_adc.o(.text)
    ADC_GetConversionValue                   0x08002849   Thumb Code     8  stm32f10x_adc.o(.text)
    ADC_GetDualModeConversionValue           0x08002851   Thumb Code     8  stm32f10x_adc.o(.text)
    ADC_AutoInjectedConvCmd                  0x08002859   Thumb Code    22  stm32f10x_adc.o(.text)
    ADC_InjectedDiscModeCmd                  0x0800286f   Thumb Code    22  stm32f10x_adc.o(.text)
    ADC_ExternalTrigInjectedConvConfig       0x08002885   Thumb Code    16  stm32f10x_adc.o(.text)
    ADC_ExternalTrigInjectedConvCmd          0x08002895   Thumb Code    22  stm32f10x_adc.o(.text)
    ADC_SoftwareStartInjectedConvCmd         0x080028ab   Thumb Code    22  stm32f10x_adc.o(.text)
    ADC_GetSoftwareStartInjectedConvCmdStatus 0x080028c1   Thumb Code    20  stm32f10x_adc.o(.text)
    ADC_InjectedChannelConfig                0x080028d5   Thumb Code   130  stm32f10x_adc.o(.text)
    ADC_InjectedSequencerLengthConfig        0x08002957   Thumb Code    24  stm32f10x_adc.o(.text)
    ADC_SetInjectedOffset                    0x0800296f   Thumb Code    20  stm32f10x_adc.o(.text)
    ADC_GetInjectedConversionValue           0x08002983   Thumb Code    28  stm32f10x_adc.o(.text)
    ADC_AnalogWatchdogCmd                    0x0800299f   Thumb Code    16  stm32f10x_adc.o(.text)
    ADC_AnalogWatchdogThresholdsConfig       0x080029af   Thumb Code     6  stm32f10x_adc.o(.text)
    ADC_AnalogWatchdogSingleChannelConfig    0x080029b5   Thumb Code    16  stm32f10x_adc.o(.text)
    ADC_TempSensorVrefintCmd                 0x080029c5   Thumb Code    64  stm32f10x_adc.o(.text)
    ADC_GetFlagStatus                        0x08002a05   Thumb Code    18  stm32f10x_adc.o(.text)
    ADC_ClearFlag                            0x08002a17   Thumb Code     6  stm32f10x_adc.o(.text)
    ADC_GetITStatus                          0x08002a1d   Thumb Code    36  stm32f10x_adc.o(.text)
    ADC_ClearITPendingBit                    0x08002a41   Thumb Code    10  stm32f10x_adc.o(.text)
    GPIO_DeInit                              0x08002a4d   Thumb Code   172  stm32f10x_gpio.o(.text)
    GPIO_AFIODeInit                          0x08002af9   Thumb Code    20  stm32f10x_gpio.o(.text)
    GPIO_Init                                0x08002b0d   Thumb Code   278  stm32f10x_gpio.o(.text)
    GPIO_StructInit                          0x08002c23   Thumb Code    16  stm32f10x_gpio.o(.text)
    GPIO_ReadInputDataBit                    0x08002c33   Thumb Code    18  stm32f10x_gpio.o(.text)
    GPIO_ReadInputData                       0x08002c45   Thumb Code     8  stm32f10x_gpio.o(.text)
    GPIO_ReadOutputDataBit                   0x08002c4d   Thumb Code    18  stm32f10x_gpio.o(.text)
    GPIO_ReadOutputData                      0x08002c5f   Thumb Code     8  stm32f10x_gpio.o(.text)
    GPIO_SetBits                             0x08002c67   Thumb Code     4  stm32f10x_gpio.o(.text)
    GPIO_ResetBits                           0x08002c6b   Thumb Code     4  stm32f10x_gpio.o(.text)
    GPIO_WriteBit                            0x08002c6f   Thumb Code    10  stm32f10x_gpio.o(.text)
    GPIO_Write                               0x08002c79   Thumb Code     4  stm32f10x_gpio.o(.text)
    GPIO_PinLockConfig                       0x08002c7d   Thumb Code    18  stm32f10x_gpio.o(.text)
    GPIO_EventOutputConfig                   0x08002c8f   Thumb Code    26  stm32f10x_gpio.o(.text)
    GPIO_EventOutputCmd                      0x08002ca9   Thumb Code     6  stm32f10x_gpio.o(.text)
    GPIO_PinRemapConfig                      0x08002caf   Thumb Code   138  stm32f10x_gpio.o(.text)
    GPIO_EXTILineConfig                      0x08002d39   Thumb Code    66  stm32f10x_gpio.o(.text)
    GPIO_ETH_MediaInterfaceConfig            0x08002d7b   Thumb Code     8  stm32f10x_gpio.o(.text)
    IWDG_WriteAccessCmd                      0x08002da9   Thumb Code     6  stm32f10x_iwdg.o(.text)
    IWDG_SetPrescaler                        0x08002daf   Thumb Code     6  stm32f10x_iwdg.o(.text)
    IWDG_SetReload                           0x08002db5   Thumb Code     6  stm32f10x_iwdg.o(.text)
    IWDG_ReloadCounter                       0x08002dbb   Thumb Code    10  stm32f10x_iwdg.o(.text)
    IWDG_Enable                              0x08002dc5   Thumb Code    10  stm32f10x_iwdg.o(.text)
    IWDG_GetFlagStatus                       0x08002dcf   Thumb Code    20  stm32f10x_iwdg.o(.text)
    RCC_DeInit                               0x08002de9   Thumb Code    64  stm32f10x_rcc.o(.text)
    RCC_HSEConfig                            0x08002e29   Thumb Code    70  stm32f10x_rcc.o(.text)
    RCC_GetFlagStatus                        0x08002e6f   Thumb Code    56  stm32f10x_rcc.o(.text)
    RCC_WaitForHSEStartUp                    0x08002ea7   Thumb Code    56  stm32f10x_rcc.o(.text)
    RCC_AdjustHSICalibrationValue            0x08002edf   Thumb Code    20  stm32f10x_rcc.o(.text)
    RCC_HSICmd                               0x08002ef3   Thumb Code     6  stm32f10x_rcc.o(.text)
    RCC_PLLConfig                            0x08002ef9   Thumb Code    24  stm32f10x_rcc.o(.text)
    RCC_PLLCmd                               0x08002f11   Thumb Code     6  stm32f10x_rcc.o(.text)
    RCC_SYSCLKConfig                         0x08002f17   Thumb Code    18  stm32f10x_rcc.o(.text)
    RCC_GetSYSCLKSource                      0x08002f29   Thumb Code    10  stm32f10x_rcc.o(.text)
    RCC_HCLKConfig                           0x08002f33   Thumb Code    18  stm32f10x_rcc.o(.text)
    RCC_PCLK1Config                          0x08002f45   Thumb Code    18  stm32f10x_rcc.o(.text)
    RCC_PCLK2Config                          0x08002f57   Thumb Code    20  stm32f10x_rcc.o(.text)
    RCC_ITConfig                             0x08002f6b   Thumb Code    26  stm32f10x_rcc.o(.text)
    RCC_USBCLKConfig                         0x08002f85   Thumb Code     8  stm32f10x_rcc.o(.text)
    RCC_ADCCLKConfig                         0x08002f8d   Thumb Code    18  stm32f10x_rcc.o(.text)
    RCC_LSEConfig                            0x08002f9f   Thumb Code    50  stm32f10x_rcc.o(.text)
    RCC_LSICmd                               0x08002fd1   Thumb Code     6  stm32f10x_rcc.o(.text)
    RCC_RTCCLKConfig                         0x08002fd7   Thumb Code    12  stm32f10x_rcc.o(.text)
    RCC_RTCCLKCmd                            0x08002fe3   Thumb Code     8  stm32f10x_rcc.o(.text)
    RCC_GetClocksFreq                        0x08002feb   Thumb Code   192  stm32f10x_rcc.o(.text)
    RCC_AHBPeriphClockCmd                    0x080030ab   Thumb Code    26  stm32f10x_rcc.o(.text)
    RCC_APB2PeriphClockCmd                   0x080030c5   Thumb Code    26  stm32f10x_rcc.o(.text)
    RCC_APB1PeriphClockCmd                   0x080030df   Thumb Code    26  stm32f10x_rcc.o(.text)
    RCC_APB2PeriphResetCmd                   0x080030f9   Thumb Code    26  stm32f10x_rcc.o(.text)
    RCC_APB1PeriphResetCmd                   0x08003113   Thumb Code    26  stm32f10x_rcc.o(.text)
    RCC_BackupResetCmd                       0x0800312d   Thumb Code     8  stm32f10x_rcc.o(.text)
    RCC_ClockSecuritySystemCmd               0x08003135   Thumb Code     6  stm32f10x_rcc.o(.text)
    RCC_MCOConfig                            0x0800313b   Thumb Code     6  stm32f10x_rcc.o(.text)
    RCC_ClearFlag                            0x08003141   Thumb Code    14  stm32f10x_rcc.o(.text)
    RCC_GetITStatus                          0x0800314f   Thumb Code    20  stm32f10x_rcc.o(.text)
    RCC_ClearITPendingBit                    0x08003163   Thumb Code     6  stm32f10x_rcc.o(.text)
    TIM_DeInit                               0x0800318d   Thumb Code   424  stm32f10x_tim.o(.text)
    TIM_TimeBaseInit                         0x08003335   Thumb Code   122  stm32f10x_tim.o(.text)
    TIM_OC1Init                              0x080033af   Thumb Code   132  stm32f10x_tim.o(.text)
    TIM_OC2Init                              0x08003433   Thumb Code   154  stm32f10x_tim.o(.text)
    TIM_OC3Init                              0x080034cd   Thumb Code   150  stm32f10x_tim.o(.text)
    TIM_OC4Init                              0x08003563   Thumb Code   182  stm32f10x_tim.o(.text)
    TIM_SetIC4Prescaler                      0x08003619   Thumb Code    26  stm32f10x_tim.o(.text)
    TIM_SetIC3Prescaler                      0x080036b5   Thumb Code    18  stm32f10x_tim.o(.text)
    TIM_SetIC2Prescaler                      0x08003741   Thumb Code    26  stm32f10x_tim.o(.text)
    TIM_SetIC1Prescaler                      0x080037dd   Thumb Code    18  stm32f10x_tim.o(.text)
    TIM_ICInit                               0x0800385b   Thumb Code   150  stm32f10x_tim.o(.text)
    TIM_PWMIConfig                           0x080038f1   Thumb Code   124  stm32f10x_tim.o(.text)
    TIM_BDTRConfig                           0x0800396d   Thumb Code    32  stm32f10x_tim.o(.text)
    TIM_TimeBaseStructInit                   0x0800398d   Thumb Code    18  stm32f10x_tim.o(.text)
    TIM_OCStructInit                         0x0800399f   Thumb Code    20  stm32f10x_tim.o(.text)
    TIM_ICStructInit                         0x080039b3   Thumb Code    18  stm32f10x_tim.o(.text)
    TIM_BDTRStructInit                       0x080039c5   Thumb Code    40  stm32f10x_tim.o(.text)
    TIM_Cmd                                  0x080039ed   Thumb Code    24  stm32f10x_tim.o(.text)
    TIM_CtrlPWMOutputs                       0x08003a05   Thumb Code    30  stm32f10x_tim.o(.text)
    TIM_ITConfig                             0x08003a23   Thumb Code    18  stm32f10x_tim.o(.text)
    TIM_GenerateEvent                        0x08003a35   Thumb Code     4  stm32f10x_tim.o(.text)
    TIM_DMAConfig                            0x08003a39   Thumb Code    10  stm32f10x_tim.o(.text)
    TIM_DMACmd                               0x08003a43   Thumb Code    18  stm32f10x_tim.o(.text)
    TIM_InternalClockConfig                  0x08003a55   Thumb Code    12  stm32f10x_tim.o(.text)
    TIM_SelectInputTrigger                   0x08003a61   Thumb Code    18  stm32f10x_tim.o(.text)
    TIM_ITRxExternalClockConfig              0x08003a73   Thumb Code    24  stm32f10x_tim.o(.text)
    TIM_TIxExternalClockConfig               0x08003a8b   Thumb Code    62  stm32f10x_tim.o(.text)
    TIM_ETRConfig                            0x08003ac9   Thumb Code    28  stm32f10x_tim.o(.text)
    TIM_ETRClockMode1Config                  0x08003ae5   Thumb Code    54  stm32f10x_tim.o(.text)
    TIM_ETRClockMode2Config                  0x08003b1b   Thumb Code    32  stm32f10x_tim.o(.text)
    TIM_PrescalerConfig                      0x08003b3b   Thumb Code     6  stm32f10x_tim.o(.text)
    TIM_CounterModeConfig                    0x08003b41   Thumb Code    18  stm32f10x_tim.o(.text)
    TIM_EncoderInterfaceConfig               0x08003b53   Thumb Code    66  stm32f10x_tim.o(.text)
    TIM_ForcedOC1Config                      0x08003b95   Thumb Code    18  stm32f10x_tim.o(.text)
    TIM_ForcedOC2Config                      0x08003ba7   Thumb Code    26  stm32f10x_tim.o(.text)
    TIM_ForcedOC3Config                      0x08003bc1   Thumb Code    18  stm32f10x_tim.o(.text)
    TIM_ForcedOC4Config                      0x08003bd3   Thumb Code    26  stm32f10x_tim.o(.text)
    TIM_ARRPreloadConfig                     0x08003bed   Thumb Code    24  stm32f10x_tim.o(.text)
    TIM_SelectCOM                            0x08003c05   Thumb Code    24  stm32f10x_tim.o(.text)
    TIM_SelectCCDMA                          0x08003c1d   Thumb Code    24  stm32f10x_tim.o(.text)
    TIM_CCPreloadControl                     0x08003c35   Thumb Code    24  stm32f10x_tim.o(.text)
    TIM_OC1PreloadConfig                     0x08003c4d   Thumb Code    18  stm32f10x_tim.o(.text)
    TIM_OC2PreloadConfig                     0x08003c5f   Thumb Code    26  stm32f10x_tim.o(.text)
    TIM_OC3PreloadConfig                     0x08003c79   Thumb Code    18  stm32f10x_tim.o(.text)
    TIM_OC4PreloadConfig                     0x08003c8b   Thumb Code    26  stm32f10x_tim.o(.text)
    TIM_OC1FastConfig                        0x08003ca5   Thumb Code    18  stm32f10x_tim.o(.text)
    TIM_OC2FastConfig                        0x08003cb7   Thumb Code    26  stm32f10x_tim.o(.text)
    TIM_OC3FastConfig                        0x08003cd1   Thumb Code    18  stm32f10x_tim.o(.text)
    TIM_OC4FastConfig                        0x08003ce3   Thumb Code    26  stm32f10x_tim.o(.text)
    TIM_ClearOC1Ref                          0x08003cfd   Thumb Code    18  stm32f10x_tim.o(.text)
    TIM_ClearOC2Ref                          0x08003d0f   Thumb Code    24  stm32f10x_tim.o(.text)
    TIM_ClearOC3Ref                          0x08003d27   Thumb Code    18  stm32f10x_tim.o(.text)
    TIM_ClearOC4Ref                          0x08003d39   Thumb Code    24  stm32f10x_tim.o(.text)
    TIM_OC1PolarityConfig                    0x08003d51   Thumb Code    18  stm32f10x_tim.o(.text)
    TIM_OC1NPolarityConfig                   0x08003d63   Thumb Code    18  stm32f10x_tim.o(.text)
    TIM_OC2PolarityConfig                    0x08003d75   Thumb Code    26  stm32f10x_tim.o(.text)
    TIM_OC2NPolarityConfig                   0x08003d8f   Thumb Code    26  stm32f10x_tim.o(.text)
    TIM_OC3PolarityConfig                    0x08003da9   Thumb Code    26  stm32f10x_tim.o(.text)
    TIM_OC3NPolarityConfig                   0x08003dc3   Thumb Code    26  stm32f10x_tim.o(.text)
    TIM_OC4PolarityConfig                    0x08003ddd   Thumb Code    26  stm32f10x_tim.o(.text)
    TIM_CCxCmd                               0x08003df7   Thumb Code    30  stm32f10x_tim.o(.text)
    TIM_CCxNCmd                              0x08003e15   Thumb Code    30  stm32f10x_tim.o(.text)
    TIM_SelectOCxM                           0x08003e33   Thumb Code    82  stm32f10x_tim.o(.text)
    TIM_UpdateDisableConfig                  0x08003e85   Thumb Code    24  stm32f10x_tim.o(.text)
    TIM_UpdateRequestConfig                  0x08003e9d   Thumb Code    24  stm32f10x_tim.o(.text)
    TIM_SelectHallSensor                     0x08003eb5   Thumb Code    24  stm32f10x_tim.o(.text)
    TIM_SelectOnePulseMode                   0x08003ecd   Thumb Code    18  stm32f10x_tim.o(.text)
    TIM_SelectOutputTrigger                  0x08003edf   Thumb Code    18  stm32f10x_tim.o(.text)
    TIM_SelectSlaveMode                      0x08003ef1   Thumb Code    18  stm32f10x_tim.o(.text)
    TIM_SelectMasterSlaveMode                0x08003f03   Thumb Code    18  stm32f10x_tim.o(.text)
    TIM_SetCounter                           0x08003f15   Thumb Code     4  stm32f10x_tim.o(.text)
    TIM_SetAutoreload                        0x08003f19   Thumb Code     4  stm32f10x_tim.o(.text)
    TIM_SetCompare1                          0x08003f1d   Thumb Code     4  stm32f10x_tim.o(.text)
    TIM_SetCompare2                          0x08003f21   Thumb Code     4  stm32f10x_tim.o(.text)
    TIM_SetCompare3                          0x08003f25   Thumb Code     4  stm32f10x_tim.o(.text)
    TIM_SetCompare4                          0x08003f29   Thumb Code     6  stm32f10x_tim.o(.text)
    TIM_SetClockDivision                     0x08003f2f   Thumb Code    18  stm32f10x_tim.o(.text)
    TIM_GetCapture1                          0x08003f41   Thumb Code     6  stm32f10x_tim.o(.text)
    TIM_GetCapture2                          0x08003f47   Thumb Code     6  stm32f10x_tim.o(.text)
    TIM_GetCapture3                          0x08003f4d   Thumb Code     6  stm32f10x_tim.o(.text)
    TIM_GetCapture4                          0x08003f53   Thumb Code     8  stm32f10x_tim.o(.text)
    TIM_GetCounter                           0x08003f5b   Thumb Code     6  stm32f10x_tim.o(.text)
    TIM_GetPrescaler                         0x08003f61   Thumb Code     6  stm32f10x_tim.o(.text)
    TIM_GetFlagStatus                        0x08003f67   Thumb Code    18  stm32f10x_tim.o(.text)
    TIM_ClearFlag                            0x08003f79   Thumb Code     6  stm32f10x_tim.o(.text)
    TIM_GetITStatus                          0x08003f7f   Thumb Code    34  stm32f10x_tim.o(.text)
    TIM_ClearITPendingBit                    0x08003fa1   Thumb Code     6  stm32f10x_tim.o(.text)
    USART_DeInit                             0x08003fa9   Thumb Code   134  stm32f10x_usart.o(.text)
    USART_Init                               0x0800402f   Thumb Code   210  stm32f10x_usart.o(.text)
    USART_StructInit                         0x08004101   Thumb Code    24  stm32f10x_usart.o(.text)
    USART_ClockInit                          0x08004119   Thumb Code    34  stm32f10x_usart.o(.text)
    USART_ClockStructInit                    0x0800413b   Thumb Code    12  stm32f10x_usart.o(.text)
    USART_Cmd                                0x08004147   Thumb Code    24  stm32f10x_usart.o(.text)
    USART_ITConfig                           0x0800415f   Thumb Code    74  stm32f10x_usart.o(.text)
    USART_DMACmd                             0x080041a9   Thumb Code    18  stm32f10x_usart.o(.text)
    USART_SetAddress                         0x080041bb   Thumb Code    18  stm32f10x_usart.o(.text)
    USART_WakeUpConfig                       0x080041cd   Thumb Code    18  stm32f10x_usart.o(.text)
    USART_ReceiverWakeUpCmd                  0x080041df   Thumb Code    24  stm32f10x_usart.o(.text)
    USART_LINBreakDetectLengthConfig         0x080041f7   Thumb Code    18  stm32f10x_usart.o(.text)
    USART_LINCmd                             0x08004209   Thumb Code    24  stm32f10x_usart.o(.text)
    USART_SendData                           0x08004221   Thumb Code     8  stm32f10x_usart.o(.text)
    USART_ReceiveData                        0x08004229   Thumb Code    10  stm32f10x_usart.o(.text)
    USART_SendBreak                          0x08004233   Thumb Code    10  stm32f10x_usart.o(.text)
    USART_SetGuardTime                       0x0800423d   Thumb Code    16  stm32f10x_usart.o(.text)
    USART_SetPrescaler                       0x0800424d   Thumb Code    16  stm32f10x_usart.o(.text)
    USART_SmartCardCmd                       0x0800425d   Thumb Code    24  stm32f10x_usart.o(.text)
    USART_SmartCardNACKCmd                   0x08004275   Thumb Code    24  stm32f10x_usart.o(.text)
    USART_HalfDuplexCmd                      0x0800428d   Thumb Code    24  stm32f10x_usart.o(.text)
    USART_OverSampling8Cmd                   0x080042a5   Thumb Code    22  stm32f10x_usart.o(.text)
    USART_OneBitMethodCmd                    0x080042bb   Thumb Code    24  stm32f10x_usart.o(.text)
    USART_IrDAConfig                         0x080042d3   Thumb Code    18  stm32f10x_usart.o(.text)
    USART_IrDACmd                            0x080042e5   Thumb Code    24  stm32f10x_usart.o(.text)
    USART_GetFlagStatus                      0x080042fd   Thumb Code    26  stm32f10x_usart.o(.text)
    USART_ClearFlag                          0x08004317   Thumb Code    18  stm32f10x_usart.o(.text)
    USART_GetITStatus                        0x08004329   Thumb Code    84  stm32f10x_usart.o(.text)
    USART_ClearITPendingBit                  0x0800437d   Thumb Code    52  stm32f10x_usart.o(.text)
    FLASH_SetLatency                         0x080043b1   Thumb Code    18  stm32f10x_flash.o(.text)
    FLASH_HalfCycleAccessCmd                 0x080043c3   Thumb Code    22  stm32f10x_flash.o(.text)
    FLASH_PrefetchBufferCmd                  0x080043d9   Thumb Code    22  stm32f10x_flash.o(.text)
    FLASH_Unlock                             0x080043ef   Thumb Code    12  stm32f10x_flash.o(.text)
    FLASH_UnlockBank1                        0x080043fb   Thumb Code    12  stm32f10x_flash.o(.text)
    FLASH_Lock                               0x08004407   Thumb Code    14  stm32f10x_flash.o(.text)
    FLASH_LockBank1                          0x08004415   Thumb Code    14  stm32f10x_flash.o(.text)
    FLASH_GetBank1Status                     0x08004423   Thumb Code    48  stm32f10x_flash.o(.text)
    FLASH_WaitForLastOperation               0x08004453   Thumb Code    38  stm32f10x_flash.o(.text)
    FLASH_ErasePage                          0x08004479   Thumb Code    72  stm32f10x_flash.o(.text)
    FLASH_EraseAllPages                      0x080044c1   Thumb Code    68  stm32f10x_flash.o(.text)
    FLASH_WaitForLastBank1Operation          0x08004505   Thumb Code    38  stm32f10x_flash.o(.text)
    FLASH_EraseAllBank1Pages                 0x0800452b   Thumb Code    68  stm32f10x_flash.o(.text)
    FLASH_GetReadOutProtectionStatus         0x0800456f   Thumb Code    20  stm32f10x_flash.o(.text)
    FLASH_EraseOptionBytes                   0x08004583   Thumb Code   150  stm32f10x_flash.o(.text)
    FLASH_ProgramWord                        0x08004619   Thumb Code   102  stm32f10x_flash.o(.text)
    FLASH_ProgramHalfWord                    0x0800467f   Thumb Code    60  stm32f10x_flash.o(.text)
    FLASH_ProgramOptionByteData              0x080046bb   Thumb Code    72  stm32f10x_flash.o(.text)
    FLASH_EnableWriteProtection              0x08004703   Thumb Code   200  stm32f10x_flash.o(.text)
    FLASH_ReadOutProtection                  0x080047cb   Thumb Code   156  stm32f10x_flash.o(.text)
    FLASH_UserOptionByteConfig               0x08004867   Thumb Code    88  stm32f10x_flash.o(.text)
    FLASH_GetUserOptionByte                  0x080048bf   Thumb Code     8  stm32f10x_flash.o(.text)
    FLASH_GetWriteProtectionOptionByte       0x080048c7   Thumb Code     6  stm32f10x_flash.o(.text)
    FLASH_GetPrefetchBufferStatus            0x080048cd   Thumb Code    20  stm32f10x_flash.o(.text)
    FLASH_ITConfig                           0x080048e1   Thumb Code    26  stm32f10x_flash.o(.text)
    FLASH_GetFlagStatus                      0x080048fb   Thumb Code    42  stm32f10x_flash.o(.text)
    FLASH_ClearFlag                          0x08004925   Thumb Code     6  stm32f10x_flash.o(.text)
    FLASH_GetStatus                          0x0800492b   Thumb Code    48  stm32f10x_flash.o(.text)
    SystemInit                               0x08004a4b   Thumb Code    78  system_stm32f10x.o(.text)
    SystemCoreClockUpdate                    0x08004a99   Thumb Code   142  system_stm32f10x.o(.text)
    Reset_Handler                            0x08004b4d   Thumb Code     8  startup_stm32f10x_hd.o(.text)
    ADC1_2_IRQHandler                        0x08004b67   Thumb Code     0  startup_stm32f10x_hd.o(.text)
    ADC3_IRQHandler                          0x08004b67   Thumb Code     0  startup_stm32f10x_hd.o(.text)
    CAN1_RX1_IRQHandler                      0x08004b67   Thumb Code     0  startup_stm32f10x_hd.o(.text)
    CAN1_SCE_IRQHandler                      0x08004b67   Thumb Code     0  startup_stm32f10x_hd.o(.text)
    DMA1_Channel1_IRQHandler                 0x08004b67   Thumb Code     0  startup_stm32f10x_hd.o(.text)
    DMA1_Channel2_IRQHandler                 0x08004b67   Thumb Code     0  startup_stm32f10x_hd.o(.text)
    DMA1_Channel3_IRQHandler                 0x08004b67   Thumb Code     0  startup_stm32f10x_hd.o(.text)
    DMA1_Channel4_IRQHandler                 0x08004b67   Thumb Code     0  startup_stm32f10x_hd.o(.text)
    DMA1_Channel5_IRQHandler                 0x08004b67   Thumb Code     0  startup_stm32f10x_hd.o(.text)
    DMA1_Channel6_IRQHandler                 0x08004b67   Thumb Code     0  startup_stm32f10x_hd.o(.text)
    DMA1_Channel7_IRQHandler                 0x08004b67   Thumb Code     0  startup_stm32f10x_hd.o(.text)
    DMA2_Channel1_IRQHandler                 0x08004b67   Thumb Code     0  startup_stm32f10x_hd.o(.text)
    DMA2_Channel2_IRQHandler                 0x08004b67   Thumb Code     0  startup_stm32f10x_hd.o(.text)
    DMA2_Channel3_IRQHandler                 0x08004b67   Thumb Code     0  startup_stm32f10x_hd.o(.text)
    DMA2_Channel4_5_IRQHandler               0x08004b67   Thumb Code     0  startup_stm32f10x_hd.o(.text)
    EXTI0_IRQHandler                         0x08004b67   Thumb Code     0  startup_stm32f10x_hd.o(.text)
    EXTI15_10_IRQHandler                     0x08004b67   Thumb Code     0  startup_stm32f10x_hd.o(.text)
    EXTI1_IRQHandler                         0x08004b67   Thumb Code     0  startup_stm32f10x_hd.o(.text)
    EXTI2_IRQHandler                         0x08004b67   Thumb Code     0  startup_stm32f10x_hd.o(.text)
    EXTI3_IRQHandler                         0x08004b67   Thumb Code     0  startup_stm32f10x_hd.o(.text)
    EXTI4_IRQHandler                         0x08004b67   Thumb Code     0  startup_stm32f10x_hd.o(.text)
    EXTI9_5_IRQHandler                       0x08004b67   Thumb Code     0  startup_stm32f10x_hd.o(.text)
    FLASH_IRQHandler                         0x08004b67   Thumb Code     0  startup_stm32f10x_hd.o(.text)
    FSMC_IRQHandler                          0x08004b67   Thumb Code     0  startup_stm32f10x_hd.o(.text)
    I2C1_ER_IRQHandler                       0x08004b67   Thumb Code     0  startup_stm32f10x_hd.o(.text)
    I2C1_EV_IRQHandler                       0x08004b67   Thumb Code     0  startup_stm32f10x_hd.o(.text)
    I2C2_ER_IRQHandler                       0x08004b67   Thumb Code     0  startup_stm32f10x_hd.o(.text)
    I2C2_EV_IRQHandler                       0x08004b67   Thumb Code     0  startup_stm32f10x_hd.o(.text)
    PVD_IRQHandler                           0x08004b67   Thumb Code     0  startup_stm32f10x_hd.o(.text)
    RCC_IRQHandler                           0x08004b67   Thumb Code     0  startup_stm32f10x_hd.o(.text)
    RTCAlarm_IRQHandler                      0x08004b67   Thumb Code     0  startup_stm32f10x_hd.o(.text)
    RTC_IRQHandler                           0x08004b67   Thumb Code     0  startup_stm32f10x_hd.o(.text)
    SDIO_IRQHandler                          0x08004b67   Thumb Code     0  startup_stm32f10x_hd.o(.text)
    SPI1_IRQHandler                          0x08004b67   Thumb Code     0  startup_stm32f10x_hd.o(.text)
    SPI2_IRQHandler                          0x08004b67   Thumb Code     0  startup_stm32f10x_hd.o(.text)
    SPI3_IRQHandler                          0x08004b67   Thumb Code     0  startup_stm32f10x_hd.o(.text)
    TAMPER_IRQHandler                        0x08004b67   Thumb Code     0  startup_stm32f10x_hd.o(.text)
    TIM1_BRK_IRQHandler                      0x08004b67   Thumb Code     0  startup_stm32f10x_hd.o(.text)
    TIM1_CC_IRQHandler                       0x08004b67   Thumb Code     0  startup_stm32f10x_hd.o(.text)
    TIM1_TRG_COM_IRQHandler                  0x08004b67   Thumb Code     0  startup_stm32f10x_hd.o(.text)
    TIM1_UP_IRQHandler                       0x08004b67   Thumb Code     0  startup_stm32f10x_hd.o(.text)
    TIM3_IRQHandler                          0x08004b67   Thumb Code     0  startup_stm32f10x_hd.o(.text)
    TIM4_IRQHandler                          0x08004b67   Thumb Code     0  startup_stm32f10x_hd.o(.text)
    TIM5_IRQHandler                          0x08004b67   Thumb Code     0  startup_stm32f10x_hd.o(.text)
    TIM6_IRQHandler                          0x08004b67   Thumb Code     0  startup_stm32f10x_hd.o(.text)
    TIM7_IRQHandler                          0x08004b67   Thumb Code     0  startup_stm32f10x_hd.o(.text)
    TIM8_BRK_IRQHandler                      0x08004b67   Thumb Code     0  startup_stm32f10x_hd.o(.text)
    TIM8_CC_IRQHandler                       0x08004b67   Thumb Code     0  startup_stm32f10x_hd.o(.text)
    TIM8_TRG_COM_IRQHandler                  0x08004b67   Thumb Code     0  startup_stm32f10x_hd.o(.text)
    TIM8_UP_IRQHandler                       0x08004b67   Thumb Code     0  startup_stm32f10x_hd.o(.text)
    UART4_IRQHandler                         0x08004b67   Thumb Code     0  startup_stm32f10x_hd.o(.text)
    UART5_IRQHandler                         0x08004b67   Thumb Code     0  startup_stm32f10x_hd.o(.text)
    USART2_IRQHandler                        0x08004b67   Thumb Code     0  startup_stm32f10x_hd.o(.text)
    USART3_IRQHandler                        0x08004b67   Thumb Code     0  startup_stm32f10x_hd.o(.text)
    USBWakeUp_IRQHandler                     0x08004b67   Thumb Code     0  startup_stm32f10x_hd.o(.text)
    USB_HP_CAN1_TX_IRQHandler                0x08004b67   Thumb Code     0  startup_stm32f10x_hd.o(.text)
    USB_LP_CAN1_RX0_IRQHandler               0x08004b67   Thumb Code     0  startup_stm32f10x_hd.o(.text)
    WWDG_IRQHandler                          0x08004b67   Thumb Code     0  startup_stm32f10x_hd.o(.text)
    __user_initial_stackheap                 0x08004b69   Thumb Code     0  startup_stm32f10x_hd.o(.text)
    DelayUpdata                              0x08004b8d   Thumb Code    24  delaypoint.o(.text)
    ServeDelay                               0x08004ba5   Thumb Code   106  delaypoint.o(.text)
    InitDelay_01                             0x08004c0f   Thumb Code    18  delaypoint.o(.text)
    InitDelay                                0x08004c21   Thumb Code    18  delaypoint.o(.text)
    WaitingDelay                             0x08004c33   Thumb Code    12  delaypoint.o(.text)
    InitTaskStr                              0x08004c81   Thumb Code    80  taskpoint.o(.text)
    Task1                                    0x08004cd1   Thumb Code   488  taskpoint.o(.text)
    Task2                                    0x08004eb9   Thumb Code   626  taskpoint.o(.text)
    Task3                                    0x0800512b   Thumb Code   172  taskpoint.o(.text)
    Task4                                    0x080051d7   Thumb Code   144  taskpoint.o(.text)
    Task5                                    0x08005267   Thumb Code    90  taskpoint.o(.text)
    Task6                                    0x080052c1   Thumb Code   306  taskpoint.o(.text)
    Task7                                    0x080053f3   Thumb Code   328  taskpoint.o(.text)
    Task8                                    0x0800553b   Thumb Code   302  taskpoint.o(.text)
    Task9                                    0x08005669   Thumb Code   302  taskpoint.o(.text)
    Task10                                   0x08005797   Thumb Code   266  taskpoint.o(.text)
    Task11                                   0x080058a1   Thumb Code   144  taskpoint.o(.text)
    res                                      0x08005931   Thumb Code    38  taskpoint.o(.text)
    KeySenser                                0x08005961   Thumb Code    44  key.o(.text)
    KeyUpdataSpeed                           0x0800598d   Thumb Code   116  key.o(.text)
    KeySelf                                  0x08005a01   Thumb Code    90  key.o(.text)
    KeyServe                                 0x08005a5b   Thumb Code  2028  key.o(.text)
    InitKeyClassInfor                        0x08006247   Thumb Code    28  key.o(.text)
    InitKey                                  0x08006263   Thumb Code   262  key.o(.text)
    KeyUpdata                                0x08006369   Thumb Code    94  key.o(.text)
    __use_no_semihosting                     0x0800640d   Thumb Code     2  use_no_semi_2.o(.text)
    __c89printf                              0x08006411   Thumb Code    20  c89printf.o(.text)
    __2printf                                0x08006429   Thumb Code    20  __2printf.o(.text)
    __2sprintf                               0x08006441   Thumb Code    38  __2sprintf.o(.text)
    _printf_pre_padding                      0x0800646d   Thumb Code    44  _printf_pad.o(.text)
    _printf_post_padding                     0x08006499   Thumb Code    34  _printf_pad.o(.text)
    _printf_str                              0x080064bb   Thumb Code    82  _printf_str.o(.text)
    _printf_int_dec                          0x0800650d   Thumb Code   104  _printf_dec.o(.text)
    __printf                                 0x08006585   Thumb Code   388  __printf_flags_ss_wp.o(.text)
    strcmp                                   0x0800670d   Thumb Code   128  strcmpv7m.o(.text)
    __use_two_region_memory                  0x0800678d   Thumb Code     2  heapauxi.o(.text)
    __rt_heap_escrow$2region                 0x0800678f   Thumb Code     2  heapauxi.o(.text)
    __rt_heap_expand$2region                 0x08006791   Thumb Code     2  heapauxi.o(.text)
    __I$use$semihosting                      0x08006793   Thumb Code     0  use_no_semi.o(.text)
    __use_no_semihosting_swi                 0x08006793   Thumb Code     2  use_no_semi.o(.text)
    _printf_truncate_signed                  0x08006795   Thumb Code    18  _printf_truncate.o(.text)
    _printf_truncate_unsigned                0x080067a7   Thumb Code    18  _printf_truncate.o(.text)
    _printf_int_common                       0x080067b9   Thumb Code   178  _printf_intcommon.o(.text)
    _printf_charcount                        0x0800686b   Thumb Code    40  _printf_charcount.o(.text)
    _printf_char_common                      0x0800689f   Thumb Code    32  _printf_char_common.o(.text)
    _sputc                                   0x080068c5   Thumb Code    10  _sputc.o(.text)
    _printf_cs_common                        0x080068cf   Thumb Code    20  _printf_char.o(.text)
    _printf_char                             0x080068e3   Thumb Code    16  _printf_char.o(.text)
    _printf_string                           0x080068f3   Thumb Code     8  _printf_char.o(.text)
    _printf_char_file                        0x080068fd   Thumb Code    32  _printf_char_file.o(.text)
    _printf_wctomb                           0x08006921   Thumb Code   182  _printf_wctomb.o(.text)
    _printf_longlong_dec                     0x080069dd   Thumb Code   108  _printf_longlong_dec.o(.text)
    _printf_longlong_oct                     0x08006a59   Thumb Code    68  _printf_oct_int_ll.o(.text)
    _printf_int_oct                          0x08006a9d   Thumb Code    24  _printf_oct_int_ll.o(.text)
    _printf_ll_oct                           0x08006ab5   Thumb Code    12  _printf_oct_int_ll.o(.text)
    _printf_longlong_hex                     0x08006ac9   Thumb Code    86  _printf_hex_int_ll_ptr.o(.text)
    _printf_int_hex                          0x08006b1f   Thumb Code    28  _printf_hex_int_ll_ptr.o(.text)
    _printf_ll_hex                           0x08006b3b   Thumb Code    12  _printf_hex_int_ll_ptr.o(.text)
    _printf_hex_ptr                          0x08006b47   Thumb Code    18  _printf_hex_int_ll_ptr.o(.text)
    _ll_udiv10                               0x08006b5d   Thumb Code   138  lludiv10.o(.text)
    __lib_sel_fp_printf                      0x08006be7   Thumb Code     2  _printf_fp_dec.o(.text)
    _printf_fp_dec_real                      0x08006d95   Thumb Code   620  _printf_fp_dec.o(.text)
    _printf_lcs_common                       0x08007001   Thumb Code    20  _printf_wchar.o(.text)
    _printf_wchar                            0x08007015   Thumb Code    16  _printf_wchar.o(.text)
    _printf_wstring                          0x08007025   Thumb Code     8  _printf_wchar.o(.text)
    ferror                                   0x0800702d   Thumb Code     8  ferror.o(.text)
    _wcrtomb                                 0x08007035   Thumb Code    64  _wcrtomb.o(.text)
    __user_setup_stackheap                   0x08007075   Thumb Code    74  sys_stackheap_outer.o(.text)
    __rt_ctype_table                         0x080070c1   Thumb Code    16  rt_ctype_table.o(.text)
    __rt_locale                              0x080070d1   Thumb Code     8  rt_locale_intlibspace.o(.text)
    _printf_fp_infnan                        0x080070d9   Thumb Code   112  _printf_fp_infnan.o(.text)
    _btod_etento                             0x08007159   Thumb Code   216  bigflt0.o(.text)
    exit                                     0x08007235   Thumb Code    18  exit.o(.text)
    __user_libspace                          0x08007249   Thumb Code     8  libspace.o(.text)
    __user_perproc_libspace                  0x08007249   Thumb Code     0  libspace.o(.text)
    __user_perthread_libspace                0x08007249   Thumb Code     0  libspace.o(.text)
    _btod_d2e                                0x08007251   Thumb Code    62  btod.o(CL$$btod_d2e)
    _d2e_denorm_low                          0x0800728f   Thumb Code    70  btod.o(CL$$btod_d2e_denorm_low)
    _d2e_norm_op1                            0x080072d5   Thumb Code    96  btod.o(CL$$btod_d2e_norm_op1)
    __btod_div_common                        0x08007335   Thumb Code   696  btod.o(CL$$btod_div_common)
    _e2e                                     0x0800766d   Thumb Code   198  btod.o(CL$$btod_e2e)
    _btod_ediv                               0x08007733   Thumb Code    40  btod.o(CL$$btod_ediv)
    _btod_emul                               0x0800775b   Thumb Code    40  btod.o(CL$$btod_emul)
    __btod_mult_common                       0x08007783   Thumb Code   580  btod.o(CL$$btod_mult_common)
    __ARM_fpclassify                         0x080079c7   Thumb Code    40  fpclassify.o(i.__ARM_fpclassify)
    _is_digit                                0x080079ef   Thumb Code    14  __printf_wp.o(i._is_digit)
    _get_lc_numeric                          0x080079fd   Thumb Code    44  lc_numeric_c.o(locale$$code)
    _get_lc_ctype                            0x08007a29   Thumb Code    44  lc_ctype_c.o(locale$$code)
    _printf_fp_dec                           0x08007a55   Thumb Code     4  printf1.o(x$fpl$printf1)
    __I$use$fp                               0x08007a58   Number         0  usenofp.o(x$fpl$usenofp)
    Region$$Table$$Base                      0x08007b30   Number         0  anon$$obj.o(Region$$Table)
    Region$$Table$$Limit                     0x08007b50   Number         0  anon$$obj.o(Region$$Table)
    __ctype                                  0x08007b79   Data           0  lc_ctype_c.o(locale$$data)
    Timer2_Counter                           0x20000000   Data           4  main.o(.data)
    W5500_Send_Delay_Counter                 0x20000004   Data           4  main.o(.data)
    test_point1                              0x20000008   Data           4  main.o(.data)
    test_point2                              0x2000000c   Data           4  main.o(.data)
    test_setPin                              0x20000010   Data           4  main.o(.data)
    __stdout                                 0x20000014   Data           4  usart.o(.data)
    USART_RX_STA                             0x20000018   Data           2  usart.o(.data)
    reciveNum                                0x2000001c   Data           2  usart.o(.data)
    flagg                                    0x20000020   Data           1  newriser.o(.data)
    keyflag                                  0x20000021   Data           1  newriser.o(.data)
    sflag                                    0x20000022   Data           1  newriser.o(.data)
    k                                        0x20000023   Data           1  newriser.o(.data)
    debug                                    0x20000024   Data           1  newriser.o(.data)
    debugPrintfEachTime                      0x20000025   Data           1  newriser.o(.data)
    Temper                                   0x20000028   Data           4  newriser.o(.data)
    tmpp                                     0x2000002c   Data           2  newriser.o(.data)
    time                                     0x20000030   Data           4  newriser.o(.data)
    time1s                                   0x20000034   Data           4  newriser.o(.data)
    time1sflag                               0x20000038   Data           4  newriser.o(.data)
    timeflag                                 0x2000003c   Data           4  newriser.o(.data)
    timeff                                   0x20000040   Data           4  newriser.o(.data)
    f_putLong                                0x20000044   Data           4  newriser.o(.data)
    waitTime                                 0x20000048   Data           4  newriser.o(.data)
    J6Adata                                  0x2000004c   Data         624  dataj6.o(.data)
    J6AGND                                   0x200002bc   Data         480  dataj6.o(.data)
    J6Bdata                                  0x2000049c   Data         576  dataj6.o(.data)
    J6BGND                                   0x200006dc   Data         480  dataj6.o(.data)
    J7Adata                                  0x200008bc   Data         800  dataj7.o(.data)
    J7AGND                                   0x20000bdc   Data         624  dataj7.o(.data)
    J7Bdata                                  0x20000e4c   Data         752  dataj7.o(.data)
    J7BGND                                   0x2000113c   Data         640  dataj7.o(.data)
    returnOR                                 0x200013bc   Data           1  newriser2.o(.data)
    J7Y_signalTestpoint                      0x200013c0   Data         192  newriser2.o(.data)
    J7A_gnd                                  0x20001480   Data         148  newriser2.o(.data)
    J1A_gnd                                  0x20001514   Data         148  newriser2.o(.data)
    J7YB_signalTestpoint                     0x200015a8   Data         156  newriser2.o(.data)
    J7B_gnd                                  0x20001644   Data         144  newriser2.o(.data)
    J1B_gnd                                  0x200016d4   Data         156  newriser2.o(.data)
    J6YB_signalTestpoint                     0x20001770   Data         156  newriser2.o(.data)
    J6B_gnd                                  0x2000180c   Data         144  newriser2.o(.data)
    U1B_gnd                                  0x2000189c   Data         156  newriser2.o(.data)
    J6YA_signalTestpoint                     0x20001938   Data         148  newriser2.o(.data)
    U1YA_signalTestpoint                     0x200019cc   Data         148  newriser2.o(.data)
    J6A_gnd                                  0x20001a60   Data         120  newriser2.o(.data)
    U1A_gnd                                  0x20001ad8   Data         156  newriser2.o(.data)
    J6BU1BData                               0x20001b74   Data          16  newriser2.o(.data)
    SystemCoreClock                          0x20001b98   Data           4  system_stm32f10x.o(.data)
    AHBPrescTable                            0x20001b9c   Data          16  system_stm32f10x.o(.data)
    G_TimerCnt_DelayServe_10MS               0x20001bac   Data           4  delaypoint.o(.data)
    Task1Infor                               0x20001bb0   Data           1  taskpoint.o(.data)
    Task2Infor                               0x20001bb1   Data           1  taskpoint.o(.data)
    Task3Infor                               0x20001bb2   Data           1  taskpoint.o(.data)
    Task4Infor                               0x20001bb3   Data           1  taskpoint.o(.data)
    Task5Infor                               0x20001bb4   Data           1  taskpoint.o(.data)
    Task6Infor                               0x20001bb5   Data           1  taskpoint.o(.data)
    Task7Infor                               0x20001bb6   Data           1  taskpoint.o(.data)
    Task8Infor                               0x20001bb7   Data           1  taskpoint.o(.data)
    Task9Infor                               0x20001bb8   Data           1  taskpoint.o(.data)
    Task10Infor                              0x20001bb9   Data           1  taskpoint.o(.data)
    Task11Infor                              0x20001bba   Data           1  taskpoint.o(.data)
    Task12Infor                              0x20001bbb   Data           1  taskpoint.o(.data)
    Task13Infor                              0x20001bbc   Data           1  taskpoint.o(.data)
    Task14Infor                              0x20001bbd   Data           1  taskpoint.o(.data)
    Task15Infor                              0x20001bbe   Data           1  taskpoint.o(.data)
    Actions_01                               0x20001bc0   Data           4  taskpoint.o(.data)
    g_sem_self                               0x20001bc4   Data           1  taskpoint.o(.data)
    G_SystemState                            0x20001bc5   Data           4  taskpoint.o(.data)
    G_Sem_goback                             0x20001bc9   Data           1  taskpoint.o(.data)
    G_Sem_goahead                            0x20001bca   Data           1  taskpoint.o(.data)
    g_sem_put_ok                             0x20001bcb   Data           1  taskpoint.o(.data)
    G_TimerCnt_KeyServe_10MS                 0x20001bcc   Data           4  key.o(.data)
    USART_RX_BUF                             0x20001bd0   Data         200  usart.o(.bss)
    mbufID                                   0x20001c98   Data          20  newriser.o(.bss)
    Vo                                       0x20001cac   Data         722  newriser.o(.bss)
    Table_1                                  0x20001f7e   Data          20  newriser.o(.bss)
    Table_2                                  0x20001f92   Data          50  newriser.o(.bss)
    F_DelayStr_Exam1                         0x20001fc4   Data          16  delaypoint.o(.bss)
    F_DelayStr_Exam2                         0x20001fd4   Data          16  delaypoint.o(.bss)
    F_DelayStr_Exam3                         0x20001fe4   Data          16  delaypoint.o(.bss)
    F_DelayStr_Exam4                         0x20001ff4   Data          16  delaypoint.o(.bss)
    F_DelayStr_Exam5                         0x20002004   Data          16  delaypoint.o(.bss)
    F_DelayStr_Exam6                         0x20002014   Data          16  delaypoint.o(.bss)
    F_DelayStr_Exam7                         0x20002024   Data          16  delaypoint.o(.bss)
    F_DelayStr_Exam8                         0x20002034   Data          16  delaypoint.o(.bss)
    F_DelayStr_Exam9                         0x20002044   Data          16  delaypoint.o(.bss)
    F_DelayStr_Exam10                        0x20002054   Data          16  delaypoint.o(.bss)
    F_DelayStr_Exam11                        0x20002064   Data          16  delaypoint.o(.bss)
    F_DelayStr_Exam12                        0x20002074   Data          16  delaypoint.o(.bss)
    F_DelayStr_Exam13                        0x20002084   Data          16  delaypoint.o(.bss)
    F_DelayStr_Exam14                        0x20002094   Data          16  delaypoint.o(.bss)
    F_DelayStr_Exam15                        0x200020a4   Data          16  delaypoint.o(.bss)
    Key1                                     0x200020b4   Data          32  key.o(.bss)
    Key2                                     0x200020d4   Data          32  key.o(.bss)
    Key3                                     0x200020f4   Data          32  key.o(.bss)
    Key4                                     0x20002114   Data          32  key.o(.bss)
    Key5                                     0x20002134   Data          32  key.o(.bss)
    Key6                                     0x20002154   Data          32  key.o(.bss)
    Key7                                     0x20002174   Data          32  key.o(.bss)
    Key8                                     0x20002194   Data          32  key.o(.bss)
    Key9                                     0x200021b4   Data          32  key.o(.bss)
    Key10                                    0x200021d4   Data          32  key.o(.bss)
    Key11                                    0x200021f4   Data          32  key.o(.bss)
    Key12                                    0x20002214   Data          32  key.o(.bss)
    Key13                                    0x20002234   Data          32  key.o(.bss)
    Key14                                    0x20002254   Data          32  key.o(.bss)
    Key15                                    0x20002274   Data          32  key.o(.bss)
    LeftSensor_Push                          0x20002294   Data          32  key.o(.bss)
    LeftSensor_Pull                          0x200022b4   Data          32  key.o(.bss)
    RightSensor_Push                         0x200022d4   Data          32  key.o(.bss)
    RightSensor_Pull                         0x200022f4   Data          32  key.o(.bss)
    BehindSensor_Push                        0x20002314   Data          32  key.o(.bss)
    BehindSensor_Pull                        0x20002334   Data          32  key.o(.bss)
    Riser1Sensor_Push                        0x20002354   Data          32  key.o(.bss)
    Riser1Sensor_Pull                        0x20002374   Data          32  key.o(.bss)
    Riser2Sensor_Push                        0x20002394   Data          32  key.o(.bss)
    Riser2Sensor_Pull                        0x200023b4   Data          32  key.o(.bss)
    x3Sernsor_underaught_top                 0x200023d4   Data          32  key.o(.bss)
    x5Sensor_underaught_bottom               0x200023f4   Data          32  key.o(.bss)
    x4Sensor_up_bottom                       0x20002414   Data          32  key.o(.bss)
    x6Sensor_Left_bottom                     0x20002434   Data          32  key.o(.bss)
    x7Sensor_right_bottom                    0x20002454   Data          32  key.o(.bss)
    __libspace_start                         0x20002474   Data          96  libspace.o(.bss)
    __temporary_stack_top$libspace           0x200024d4   Data           0  libspace.o(.bss)



==============================================================================

Memory Map of the image

  Image Entry point : 0x08000131

  Load Region LR_IROM1 (Base: 0x08000000, Size: 0x0000984c, Max: 0x00080000, ABSOLUTE, COMPRESSED[0x000084fc])

    Execution Region ER_IROM1 (Base: 0x08000000, Size: 0x00007c7c, Max: 0x00080000, ABSOLUTE)

    Base Addr    Size         Type   Attr      Idx    E Section Name        Object

    0x08000000   0x00000130   Data   RO          604    RESET               startup_stm32f10x_hd.o
    0x08000130   0x00000008   Code   RO          743  * !!!main             c_w.l(__main.o)
    0x08000138   0x00000034   Code   RO         1028    !!!scatter          c_w.l(__scatter.o)
    0x0800016c   0x00000064   Code   RO         1026    !!dclz77c           c_w.l(__dclz77c.o)
    0x080001d0   0x0000001c   Code   RO         1030    !!handler_zi        c_w.l(__scatter_zi.o)
    0x080001ec   0x00000000   Code   RO          738    .ARM.Collect$$_printf_percent$$00000000  c_w.l(_printf_percent.o)
    0x080001ec   0x00000006   Code   RO          795    .ARM.Collect$$_printf_percent$$00000001  c_w.l(_printf_n.o)
    0x080001f2   0x00000006   Code   RO          797    .ARM.Collect$$_printf_percent$$00000002  c_w.l(_printf_p.o)
    0x080001f8   0x00000006   Code   RO          801    .ARM.Collect$$_printf_percent$$00000003  c_w.l(_printf_f.o)
    0x080001fe   0x00000006   Code   RO          802    .ARM.Collect$$_printf_percent$$00000004  c_w.l(_printf_e.o)
    0x08000204   0x00000006   Code   RO          803    .ARM.Collect$$_printf_percent$$00000005  c_w.l(_printf_g.o)
    0x0800020a   0x00000006   Code   RO          804    .ARM.Collect$$_printf_percent$$00000006  c_w.l(_printf_a.o)
    0x08000210   0x0000000a   Code   RO          809    .ARM.Collect$$_printf_percent$$00000007  c_w.l(_printf_ll.o)
    0x0800021a   0x00000006   Code   RO          799    .ARM.Collect$$_printf_percent$$00000008  c_w.l(_printf_i.o)
    0x08000220   0x00000006   Code   RO          737    .ARM.Collect$$_printf_percent$$00000009  c_w.l(_printf_d.o)
    0x08000226   0x00000006   Code   RO          800    .ARM.Collect$$_printf_percent$$0000000A  c_w.l(_printf_u.o)
    0x0800022c   0x00000006   Code   RO          798    .ARM.Collect$$_printf_percent$$0000000B  c_w.l(_printf_o.o)
    0x08000232   0x00000006   Code   RO          796    .ARM.Collect$$_printf_percent$$0000000C  c_w.l(_printf_x.o)
    0x08000238   0x00000006   Code   RO          806    .ARM.Collect$$_printf_percent$$0000000D  c_w.l(_printf_lli.o)
    0x0800023e   0x00000006   Code   RO          807    .ARM.Collect$$_printf_percent$$0000000E  c_w.l(_printf_lld.o)
    0x08000244   0x00000006   Code   RO          808    .ARM.Collect$$_printf_percent$$0000000F  c_w.l(_printf_llu.o)
    0x0800024a   0x00000006   Code   RO          813    .ARM.Collect$$_printf_percent$$00000010  c_w.l(_printf_llo.o)
    0x08000250   0x00000006   Code   RO          814    .ARM.Collect$$_printf_percent$$00000011  c_w.l(_printf_llx.o)
    0x08000256   0x0000000a   Code   RO          810    .ARM.Collect$$_printf_percent$$00000012  c_w.l(_printf_l.o)
    0x08000260   0x00000006   Code   RO          794    .ARM.Collect$$_printf_percent$$00000013  c_w.l(_printf_c.o)
    0x08000266   0x00000006   Code   RO          736    .ARM.Collect$$_printf_percent$$00000014  c_w.l(_printf_s.o)
    0x0800026c   0x00000006   Code   RO          811    .ARM.Collect$$_printf_percent$$00000015  c_w.l(_printf_lc.o)
    0x08000272   0x00000006   Code   RO          812    .ARM.Collect$$_printf_percent$$00000016  c_w.l(_printf_ls.o)
    0x08000278   0x00000004   Code   RO          805    .ARM.Collect$$_printf_percent$$00000017  c_w.l(_printf_percent_end.o)
    0x0800027c   0x00000002   Code   RO          892    .ARM.Collect$$libinit$$00000000  c_w.l(libinit.o)
    0x0800027e   0x00000000   Code   RO          907    .ARM.Collect$$libinit$$00000002  c_w.l(libinit2.o)
    0x0800027e   0x00000000   Code   RO          909    .ARM.Collect$$libinit$$00000004  c_w.l(libinit2.o)
    0x0800027e   0x00000000   Code   RO          912    .ARM.Collect$$libinit$$0000000A  c_w.l(libinit2.o)
    0x0800027e   0x00000000   Code   RO          914    .ARM.Collect$$libinit$$0000000C  c_w.l(libinit2.o)
    0x0800027e   0x00000000   Code   RO          916    .ARM.Collect$$libinit$$0000000E  c_w.l(libinit2.o)
    0x0800027e   0x00000006   Code   RO          917    .ARM.Collect$$libinit$$0000000F  c_w.l(libinit2.o)
    0x08000284   0x00000000   Code   RO          919    .ARM.Collect$$libinit$$00000011  c_w.l(libinit2.o)
    0x08000284   0x0000000c   Code   RO          920    .ARM.Collect$$libinit$$00000012  c_w.l(libinit2.o)
    0x08000290   0x00000000   Code   RO          921    .ARM.Collect$$libinit$$00000013  c_w.l(libinit2.o)
    0x08000290   0x00000000   Code   RO          923    .ARM.Collect$$libinit$$00000015  c_w.l(libinit2.o)
    0x08000290   0x0000000a   Code   RO          924    .ARM.Collect$$libinit$$00000016  c_w.l(libinit2.o)
    0x0800029a   0x00000000   Code   RO          925    .ARM.Collect$$libinit$$00000017  c_w.l(libinit2.o)
    0x0800029a   0x00000000   Code   RO          927    .ARM.Collect$$libinit$$00000019  c_w.l(libinit2.o)
    0x0800029a   0x00000000   Code   RO          929    .ARM.Collect$$libinit$$0000001B  c_w.l(libinit2.o)
    0x0800029a   0x00000000   Code   RO          931    .ARM.Collect$$libinit$$0000001D  c_w.l(libinit2.o)
    0x0800029a   0x00000000   Code   RO          933    .ARM.Collect$$libinit$$0000001F  c_w.l(libinit2.o)
    0x0800029a   0x00000000   Code   RO          935    .ARM.Collect$$libinit$$00000021  c_w.l(libinit2.o)
    0x0800029a   0x00000000   Code   RO          937    .ARM.Collect$$libinit$$00000023  c_w.l(libinit2.o)
    0x0800029a   0x00000000   Code   RO          939    .ARM.Collect$$libinit$$00000025  c_w.l(libinit2.o)
    0x0800029a   0x00000000   Code   RO          943    .ARM.Collect$$libinit$$0000002C  c_w.l(libinit2.o)
    0x0800029a   0x00000000   Code   RO          945    .ARM.Collect$$libinit$$0000002E  c_w.l(libinit2.o)
    0x0800029a   0x00000000   Code   RO          947    .ARM.Collect$$libinit$$00000030  c_w.l(libinit2.o)
    0x0800029a   0x00000000   Code   RO          949    .ARM.Collect$$libinit$$00000032  c_w.l(libinit2.o)
    0x0800029a   0x00000002   Code   RO          950    .ARM.Collect$$libinit$$00000033  c_w.l(libinit2.o)
    0x0800029c   0x00000002   Code   RO          968    .ARM.Collect$$libshutdown$$00000000  c_w.l(libshutdown.o)
    0x0800029e   0x00000000   Code   RO          978    .ARM.Collect$$libshutdown$$00000002  c_w.l(libshutdown2.o)
    0x0800029e   0x00000000   Code   RO          980    .ARM.Collect$$libshutdown$$00000004  c_w.l(libshutdown2.o)
    0x0800029e   0x00000000   Code   RO          983    .ARM.Collect$$libshutdown$$00000007  c_w.l(libshutdown2.o)
    0x0800029e   0x00000000   Code   RO          986    .ARM.Collect$$libshutdown$$0000000A  c_w.l(libshutdown2.o)
    0x0800029e   0x00000000   Code   RO          988    .ARM.Collect$$libshutdown$$0000000C  c_w.l(libshutdown2.o)
    0x0800029e   0x00000000   Code   RO          991    .ARM.Collect$$libshutdown$$0000000F  c_w.l(libshutdown2.o)
    0x0800029e   0x00000002   Code   RO          992    .ARM.Collect$$libshutdown$$00000010  c_w.l(libshutdown2.o)
    0x080002a0   0x00000000   Code   RO          747    .ARM.Collect$$rtentry$$00000000  c_w.l(__rtentry.o)
    0x080002a0   0x00000000   Code   RO          818    .ARM.Collect$$rtentry$$00000002  c_w.l(__rtentry2.o)
    0x080002a0   0x00000006   Code   RO          830    .ARM.Collect$$rtentry$$00000004  c_w.l(__rtentry4.o)
    0x080002a6   0x00000000   Code   RO          820    .ARM.Collect$$rtentry$$00000009  c_w.l(__rtentry2.o)
    0x080002a6   0x00000004   Code   RO          821    .ARM.Collect$$rtentry$$0000000A  c_w.l(__rtentry2.o)
    0x080002aa   0x00000000   Code   RO          823    .ARM.Collect$$rtentry$$0000000C  c_w.l(__rtentry2.o)
    0x080002aa   0x00000008   Code   RO          824    .ARM.Collect$$rtentry$$0000000D  c_w.l(__rtentry2.o)
    0x080002b2   0x00000002   Code   RO          901    .ARM.Collect$$rtexit$$00000000  c_w.l(rtexit.o)
    0x080002b4   0x00000000   Code   RO          952    .ARM.Collect$$rtexit$$00000002  c_w.l(rtexit2.o)
    0x080002b4   0x00000004   Code   RO          953    .ARM.Collect$$rtexit$$00000003  c_w.l(rtexit2.o)
    0x080002b8   0x00000006   Code   RO          954    .ARM.Collect$$rtexit$$00000004  c_w.l(rtexit2.o)
    0x080002be   0x0000001a   Code   RO            1    .text               stm32f10x_it.o
    0x080002d8   0x000001dc   Code   RO          104    .text               led.o
    0x080004b4   0x00000740   Code   RO          119    .text               main.o
    0x08000bf4   0x00000150   Code   RO          180    .text               usart.o
    0x08000d44   0x00000b50   Code   RO          203    .text               newriser.o
    0x08001894   0x000000e8   Code   RO          236    .text               adc.o
    0x0800197c   0x000002b4   Code   RO          274    .text               dataj7.o
    0x08001c30   0x000008f0   Code   RO          293    .text               newriser2.o
    0x08002520   0x000000dc   Code   RO          312    .text               misc.o
    0x080025fc   0x0000044e   Code   RO          324    .text               stm32f10x_adc.o
    0x08002a4a   0x00000002   PAD
    0x08002a4c   0x0000035c   Code   RO          432    .text               stm32f10x_gpio.o
    0x08002da8   0x00000040   Code   RO          444    .text               stm32f10x_iwdg.o
    0x08002de8   0x000003a4   Code   RO          456    .text               stm32f10x_rcc.o
    0x0800318c   0x00000e1a   Code   RO          506    .text               stm32f10x_tim.o
    0x08003fa6   0x00000002   PAD
    0x08003fa8   0x00000408   Code   RO          518    .text               stm32f10x_usart.o
    0x080043b0   0x000005bc   Code   RO          542    .text               stm32f10x_flash.o
    0x0800496c   0x000001e0   Code   RO          565    .text               system_stm32f10x.o
    0x08004b4c   0x00000040   Code   RO          605    .text               startup_stm32f10x_hd.o
    0x08004b8c   0x000000f4   Code   RO          609    .text               delaypoint.o
    0x08004c80   0x00000ce0   Code   RO          628    .text               taskpoint.o
    0x08005960   0x00000aac   Code   RO          672    .text               key.o
    0x0800640c   0x00000002   Code   RO          696    .text               c_w.l(use_no_semi_2.o)
    0x0800640e   0x00000002   PAD
    0x08006410   0x00000018   Code   RO          698    .text               c_w.l(c89printf.o)
    0x08006428   0x00000018   Code   RO          700    .text               c_w.l(__2printf.o)
    0x08006440   0x0000002c   Code   RO          702    .text               c_w.l(__2sprintf.o)
    0x0800646c   0x0000004e   Code   RO          710    .text               c_w.l(_printf_pad.o)
    0x080064ba   0x00000052   Code   RO          712    .text               c_w.l(_printf_str.o)
    0x0800650c   0x00000078   Code   RO          714    .text               c_w.l(_printf_dec.o)
    0x08006584   0x00000188   Code   RO          733    .text               c_w.l(__printf_flags_ss_wp.o)
    0x0800670c   0x00000080   Code   RO          739    .text               c_w.l(strcmpv7m.o)
    0x0800678c   0x00000006   Code   RO          741    .text               c_w.l(heapauxi.o)
    0x08006792   0x00000002   Code   RO          745    .text               c_w.l(use_no_semi.o)
    0x08006794   0x00000024   Code   RO          748    .text               c_w.l(_printf_truncate.o)
    0x080067b8   0x000000b2   Code   RO          750    .text               c_w.l(_printf_intcommon.o)
    0x0800686a   0x00000028   Code   RO          752    .text               c_w.l(_printf_charcount.o)
    0x08006892   0x00000002   PAD
    0x08006894   0x00000030   Code   RO          754    .text               c_w.l(_printf_char_common.o)
    0x080068c4   0x0000000a   Code   RO          756    .text               c_w.l(_sputc.o)
    0x080068ce   0x0000002c   Code   RO          758    .text               c_w.l(_printf_char.o)
    0x080068fa   0x00000002   PAD
    0x080068fc   0x00000024   Code   RO          760    .text               c_w.l(_printf_char_file.o)
    0x08006920   0x000000bc   Code   RO          762    .text               c_w.l(_printf_wctomb.o)
    0x080069dc   0x0000007c   Code   RO          765    .text               c_w.l(_printf_longlong_dec.o)
    0x08006a58   0x00000070   Code   RO          771    .text               c_w.l(_printf_oct_int_ll.o)
    0x08006ac8   0x00000094   Code   RO          791    .text               c_w.l(_printf_hex_int_ll_ptr.o)
    0x08006b5c   0x0000008a   Code   RO          832    .text               c_w.l(lludiv10.o)
    0x08006be6   0x0000041a   Code   RO          834    .text               c_w.l(_printf_fp_dec.o)
    0x08007000   0x0000002c   Code   RO          838    .text               c_w.l(_printf_wchar.o)
    0x0800702c   0x00000008   Code   RO          840    .text               c_w.l(ferror.o)
    0x08007034   0x00000040   Code   RO          844    .text               c_w.l(_wcrtomb.o)
    0x08007074   0x0000004a   Code   RO          846    .text               c_w.l(sys_stackheap_outer.o)
    0x080070be   0x00000002   PAD
    0x080070c0   0x00000010   Code   RO          848    .text               c_w.l(rt_ctype_table.o)
    0x080070d0   0x00000008   Code   RO          853    .text               c_w.l(rt_locale_intlibspace.o)
    0x080070d8   0x00000080   Code   RO          855    .text               c_w.l(_printf_fp_infnan.o)
    0x08007158   0x000000dc   Code   RO          857    .text               c_w.l(bigflt0.o)
    0x08007234   0x00000012   Code   RO          885    .text               c_w.l(exit.o)
    0x08007246   0x00000002   PAD
    0x08007248   0x00000008   Code   RO          898    .text               c_w.l(libspace.o)
    0x08007250   0x0000003e   Code   RO          860    CL$$btod_d2e        c_w.l(btod.o)
    0x0800728e   0x00000046   Code   RO          862    CL$$btod_d2e_denorm_low  c_w.l(btod.o)
    0x080072d4   0x00000060   Code   RO          861    CL$$btod_d2e_norm_op1  c_w.l(btod.o)
    0x08007334   0x00000338   Code   RO          870    CL$$btod_div_common  c_w.l(btod.o)
    0x0800766c   0x000000c6   Code   RO          867    CL$$btod_e2e        c_w.l(btod.o)
    0x08007732   0x00000028   Code   RO          864    CL$$btod_ediv       c_w.l(btod.o)
    0x0800775a   0x00000028   Code   RO          863    CL$$btod_emul       c_w.l(btod.o)
    0x08007782   0x00000244   Code   RO          869    CL$$btod_mult_common  c_w.l(btod.o)
    0x080079c6   0x00000028   Code   RO          896    i.__ARM_fpclassify  m_ws.l(fpclassify.o)
    0x080079ee   0x0000000e   Code   RO          726    i._is_digit         c_w.l(__printf_wp.o)
    0x080079fc   0x0000002c   Code   RO          883    locale$$code        c_w.l(lc_numeric_c.o)
    0x08007a28   0x0000002c   Code   RO          904    locale$$code        c_w.l(lc_ctype_c.o)
    0x08007a54   0x00000004   Code   RO          815    x$fpl$printf1       fz_ws.l(printf1.o)
    0x08007a58   0x00000000   Code   RO          895    x$fpl$usenofp       fz_ws.l(usenofp.o)
    0x08007a58   0x00000011   Data   RO          734    .constdata          c_w.l(__printf_flags_ss_wp.o)
    0x08007a69   0x00000003   PAD
    0x08007a6c   0x00000008   Data   RO          763    .constdata          c_w.l(_printf_wctomb.o)
    0x08007a74   0x00000028   Data   RO          792    .constdata          c_w.l(_printf_hex_int_ll_ptr.o)
    0x08007a9c   0x00000094   Data   RO          858    .constdata          c_w.l(bigflt0.o)
    0x08007b30   0x00000020   Data   RO         1024    Region$$Table       anon$$obj.o
    0x08007b50   0x0000001c   Data   RO          882    locale$$data        c_w.l(lc_numeric_c.o)
    0x08007b6c   0x00000110   Data   RO          903    locale$$data        c_w.l(lc_ctype_c.o)


    Execution Region RW_IRAM1 (Base: 0x20000000, Size: 0x00002ad8, Max: 0x00010000, ABSOLUTE, COMPRESSED[0x00000880])

    Base Addr    Size         Type   Attr      Idx    E Section Name        Object

    0x20000000   0x00000014   Data   RW          121    .data               main.o
    0x20000014   0x0000000a   Data   RW          182    .data               usart.o
    0x2000001e   0x00000002   PAD
    0x20000020   0x0000002c   Data   RW          205    .data               newriser.o
    0x2000004c   0x00000870   Data   RW          251    .data               dataj6.o
    0x200008bc   0x00000b00   Data   RW          275    .data               dataj7.o
    0x200013bc   0x000007c8   Data   RW          294    .data               newriser2.o
    0x20001b84   0x00000014   Data   RW          457    .data               stm32f10x_rcc.o
    0x20001b98   0x00000014   Data   RW          566    .data               system_stm32f10x.o
    0x20001bac   0x00000004   Data   RW          611    .data               delaypoint.o
    0x20001bb0   0x0000001c   Data   RW          629    .data               taskpoint.o
    0x20001bcc   0x00000004   Data   RW          674    .data               key.o
    0x20001bd0   0x000000c8   Zero   RW          181    .bss                usart.o
    0x20001c98   0x0000032c   Zero   RW          204    .bss                newriser.o
    0x20001fc4   0x000000f0   Zero   RW          610    .bss                delaypoint.o
    0x200020b4   0x000003c0   Zero   RW          673    .bss                key.o
    0x20002474   0x00000060   Zero   RW          899    .bss                c_w.l(libspace.o)
    0x200024d4   0x00000004   PAD
    0x200024d8   0x00000200   Zero   RW          603    HEAP                startup_stm32f10x_hd.o
    0x200026d8   0x00000400   Zero   RW          602    STACK               startup_stm32f10x_hd.o


==============================================================================

Image component sizes


      Code (inc. data)   RO Data    RW Data    ZI Data      Debug   Object Name

       232          8          0          0          0       1083   adc.o
         0          0          0          0          0         32   core_cm3.o
         0          0          0       2160          0        764   dataj6.o
       692        152          0       2816          0       1875   dataj7.o
       244         66          0          4        240       3295   delaypoint.o
      2732        248          0          4        960       5448   key.o
       476         32          0          0          0       1019   led.o
      1856        410          0         20          0       5318   main.o
       220         22          0          0          0       1717   misc.o
      2896        286          0         44        812       8802   newriser.o
      2288        576          0       1992          0       4925   newriser2.o
        64         26        304          0       1536        812   startup_stm32f10x_hd.o
      1102         26          0          0          0      10957   stm32f10x_adc.o
      1468         34          0          0          0       8122   stm32f10x_flash.o
       860         38          0          0          0       5653   stm32f10x_gpio.o
        26          0          0          0          0     269170   stm32f10x_it.o
        64          6          0          0          0       1241   stm32f10x_iwdg.o
       932         36          0         20          0       8808   stm32f10x_rcc.o
      3610         88          0          0          0      22760   stm32f10x_tim.o
      1032         22          0          0          0       8372   stm32f10x_usart.o
       480         38          0         20          0       1763   system_stm32f10x.o
      3296        232          0         28          0     226872   taskpoint.o
       336         26          0         10        200       3411   usart.o

    ----------------------------------------------------------------------
     24910       2372        336       7120       3748     602219   Object Totals
         0          0         32          0          0          0   (incl. Generated)
         4          0          0          2          0          0   (incl. Padding)

    ----------------------------------------------------------------------

      Code (inc. data)   RO Data    RW Data    ZI Data      Debug   Library Member Name

        24          4          0          0          0         84   __2printf.o
        44          6          0          0          0         84   __2sprintf.o
       100          0          0          0          0          0   __dclz77c.o
         8          0          0          0          0         68   __main.o
       392          4         17          0          0         92   __printf_flags_ss_wp.o
        14          0          0          0          0         68   __printf_wp.o
         0          0          0          0          0          0   __rtentry.o
        12          0          0          0          0          0   __rtentry2.o
         6          0          0          0          0          0   __rtentry4.o
        52          8          0          0          0          0   __scatter.o
        28          0          0          0          0          0   __scatter_zi.o
         6          0          0          0          0          0   _printf_a.o
         6          0          0          0          0          0   _printf_c.o
        44          0          0          0          0        108   _printf_char.o
        48          6          0          0          0         96   _printf_char_common.o
        36          4          0          0          0         80   _printf_char_file.o
        40          0          0          0          0         68   _printf_charcount.o
         6          0          0          0          0          0   _printf_d.o
       120         16          0          0          0         92   _printf_dec.o
         6          0          0          0          0          0   _printf_e.o
         6          0          0          0          0          0   _printf_f.o
      1050          0          0          0          0        216   _printf_fp_dec.o
       128         16          0          0          0         84   _printf_fp_infnan.o
         6          0          0          0          0          0   _printf_g.o
       148          4         40          0          0        160   _printf_hex_int_ll_ptr.o
         6          0          0          0          0          0   _printf_i.o
       178          0          0          0          0         88   _printf_intcommon.o
        10          0          0          0          0          0   _printf_l.o
         6          0          0          0          0          0   _printf_lc.o
        10          0          0          0          0          0   _printf_ll.o
         6          0          0          0          0          0   _printf_lld.o
         6          0          0          0          0          0   _printf_lli.o
         6          0          0          0          0          0   _printf_llo.o
         6          0          0          0          0          0   _printf_llu.o
         6          0          0          0          0          0   _printf_llx.o
       124         16          0          0          0         92   _printf_longlong_dec.o
         6          0          0          0          0          0   _printf_ls.o
         6          0          0          0          0          0   _printf_n.o
         6          0          0          0          0          0   _printf_o.o
       112          8          0          0          0        124   _printf_oct_int_ll.o
         6          0          0          0          0          0   _printf_p.o
        78          0          0          0          0        108   _printf_pad.o
         0          0          0          0          0          0   _printf_percent.o
         4          0          0          0          0          0   _printf_percent_end.o
         6          0          0          0          0          0   _printf_s.o
        82          0          0          0          0         80   _printf_str.o
        36          0          0          0          0         84   _printf_truncate.o
         6          0          0          0          0          0   _printf_u.o
        44          0          0          0          0        108   _printf_wchar.o
       188          6          8          0          0         92   _printf_wctomb.o
         6          0          0          0          0          0   _printf_x.o
        10          0          0          0          0         68   _sputc.o
        64          0          0          0          0         92   _wcrtomb.o
       220          4        148          0          0         96   bigflt0.o
      1910        128          0          0          0        672   btod.o
        24          4          0          0          0         84   c89printf.o
        18          0          0          0          0         80   exit.o
         8          0          0          0          0         68   ferror.o
         6          0          0          0          0        152   heapauxi.o
        44         10        272          0          0         76   lc_ctype_c.o
        44         10         28          0          0         76   lc_numeric_c.o
         2          0          0          0          0          0   libinit.o
        30          0          0          0          0          0   libinit2.o
         2          0          0          0          0          0   libshutdown.o
         2          0          0          0          0          0   libshutdown2.o
         8          4          0          0         96         68   libspace.o
       138          0          0          0          0         80   lludiv10.o
        16          4          0          0          0         76   rt_ctype_table.o
         8          4          0          0          0         68   rt_locale_intlibspace.o
         2          0          0          0          0          0   rtexit.o
        10          0          0          0          0          0   rtexit2.o
       128          0          0          0          0         68   strcmpv7m.o
        74          0          0          0          0         80   sys_stackheap_outer.o
         2          0          0          0          0         68   use_no_semi.o
         2          0          0          0          0         68   use_no_semi_2.o
         4          0          0          0          0         68   printf1.o
         0          0          0          0          0          0   usenofp.o
        40          0          0          0          0         68   fpclassify.o

    ----------------------------------------------------------------------
      6106        266        516          0        100       4252   Library Totals
        10          0          3          0          4          0   (incl. Padding)

    ----------------------------------------------------------------------

      Code (inc. data)   RO Data    RW Data    ZI Data      Debug   Library Name

      6052        266        513          0         96       4116   c_w.l
         4          0          0          0          0         68   fz_ws.l
        40          0          0          0          0         68   m_ws.l

    ----------------------------------------------------------------------
      6106        266        516          0        100       4252   Library Totals

    ----------------------------------------------------------------------

==============================================================================


      Code (inc. data)   RO Data    RW Data    ZI Data      Debug   

     31016       2638        852       7120       3848     602047   Grand Totals
     31016       2638        852       2176       3848     602047   ELF Image Totals (compressed)
     31016       2638        852       2176          0          0   ROM Totals

==============================================================================

    Total RO  Size (Code + RO Data)                31868 (  31.12kB)
    Total RW  Size (RW Data + ZI Data)             10968 (  10.71kB)
    Total ROM Size (Code + RO Data + RW Data)      34044 (  33.25kB)

==============================================================================

